V3N2C0N2C0RS

U-Boot 2020.04-00011-gddf6f040-dirty (Jun 17 2024 - 18:12:02 +0800), Build: jenkins-Compile_64ä½(10.188.40.119)-7385

U-Boot code: 5C000400 -> 5C095BEC  BSS: -> 5C0BD52C
Model: AXERA AX620E_Qnand Board
DRAM:  Monitor len: 000BD12C
Ram size: 10000000
Ram top: 50000000
TLB table from 4fff0000 to 4fff4000
Reserving 756k for U-Boot at: 4ff32000
Reserving 3584k for malloc() at: 4fbb2000
Reserving 96 Bytes for Board Info at: 4fbb1fa0
Reserving 216 Bytes for Global Data at: 4fbb1ec8
Reserving 14400 Bytes for FDT at: 4fbae688

RAM Configuration:
Bank #0: 40000000 
DRAM:  256 MiB
New Stack Pointer is: 4fbae660
Relocation Offset is: f3f31c00
Relocating to 4ff32000, new gd at 4fbb1ec8, sp at 4fbae660
WARNING: Caches not enabled
ax_adc_probe
No available THERMAL device
MMC:   mmc@1B40000: 0, mmc@104E0000: 1
NAND:  128 MiB
Loading Environment from NAND... *** Warning - bad CRC, using default environment

Loading Environment from SPI Flash... unrecognized JEDEC id bytes: ff, a1, e4
uclass_get_device: Invalid bus 0 (err=-2)
In:    serial
Out:   serial
Err:   serial
Current chip type: AX620Q_CHIP
Current board type: AX620Q_LP4_DEMO_V1_1
boot_reason:0x0
boot_mode->magic = 0x12345678
boot_mode->dl_channel = 0
boot_mode->storage_sel = 1
boot_mode->boot_type = 5
selecting mode MMC legacy (freq : 0 MHz)
Card did not respond to voltage select!
mmc_init: -95, time 24
no sd card
enter normal boot mode
boot_info_data.mode = 7
Net:   
Warning: ethernet@0x104C0000 (eth0) using random MAC address - 6a:c4:5f:80:4d:f7
eth0: ethernet@0x104C0000  
boot_mode->magic = 0x12345678
boot_mode->dl_channel = 0
boot_mode->storage_sel = 1
boot_mode->boot_type = 5
module_get_macaddr_test
result is 1M(spl),512K(ddrinit),2048K(uboot),512K(env),6M(calibration),1M(cliinfo),8M(config),1M(runtime),6M(cfgbak),7M(kernel),512K(update),94M(program),-(other)
boot_mode->magic = 0x12345678
boot_mode->dl_channel = 0
boot_mode->storage_sel = 1
boot_mode->boot_type = 5
boot_mode->magic = 0x12345678
boot_mode->dl_channel = 0
boot_mode->storage_sel = 1
boot_mode->boot_type = 5
module_get_macaddr_test
result is 1M(spl),512K(ddrinit),2048K(uboot),512K(env),6M(calibration),1M(cliinfo),8M(config),1M(runtime),6M(cfgbak),7M(kernel),512K(update),94M(program),-(other)
boot_mode->magic = 0x12345678
boot_mode->dl_channel = 0
boot_mode->storage_sel = 1
boot_mode->boot_type = 5
Detected MACID:e4:f1:4c:77:66:ba
Detected ETH1 MACID:e4:f1:4c:77:66:ba
Press Ctrl+B to abort autoboot in 2 seconds
boot_mode->magic = 0x12345678
boot_mode->dl_channel = 0
boot_mode->storage_sel = 1
boot_mode->boot_type = 5
result is 1M(spl),512K(ddrinit),2048K(uboot),512K(env),6M(calibration),1M(cliinfo),8M(config),1M(runtime),6M(cfgbak),7M(kernel),512K(update),94M(program),-(other)
boot_mode->magic = 0x12345678
boot_mode->dl_channel = 0
boot_mode->storage_sel = 1
boot_mode->boot_type = 5
ax_shutdown_ephy:0x410021d1
enter do_axera_boot
reading kernel image size 0x700000 from spi nand flash ...
bondopt secureboot bit is enable:1, key_bits:2048
CACHE: Misaligned operation at range [4fbadb4c, 4fbadcd8]
total kernel image size = 6151640
>>> * kernel image verify success! * <<< 
header_info.blk_num=17, isize=6151640, osize=8629099, tile_cnt=12, last_tile_size=474568
boot cmd is :bootm 0x4e000000#conf-1
## Loading kernel from FIT Image at 4e000000 ...
   Using 'conf-1' configuration
   Trying 'kernel' kernel subimage
     Description:  Axera Linux kernel
     Type:         Kernel Image
     Compression:  uncompressed
     Data Start:   0x4e0000e4
     Data Size:    8485640 Bytes = 8.1 MiB
     Architecture: ARM
     OS:           Linux
     Load Address: 0x40008000
     Entry Point:  0x40008000
   Verifying Hash Integrity ... OK
## Loading fdt from FIT Image at 4e000000 ...
   Using 'conf-1' configuration
   Trying 'fdt-1' fdt subimage
     Description:  Flattened Device Tree blob
     Type:         Flat Device Tree
     Compression:  uncompressed
     Data Start:   0x4e817c9c
     Data Size:    141709 Bytes = 138.4 KiB
     Architecture: ARM
     Load Address: 0x42008000
   Verifying Hash Integrity ... OK
   Loading fdt from 0x4e817c9c to 0x42008000
   Booting using the fdt blob at 0x42008000
   Loading Kernel Image
   Using Device Tree in place at 42008000, end 4202d98c
boot_mode->magic = 0x12345678
boot_mode->dl_channel = 0
boot_mode->storage_sel = 1
boot_mode->boot_type = 5
result is 1M(spl),512K(ddrinit),2048K(uboot),512K(env),6M(calibration),1M(cliinfo),8M(config),1M(runtime),6M(cfgbak),7M(kernel),512K(update),94M(program),-(other)
boot_mode->magic = 0x12345678
boot_mode->dl_channel = 0
boot_mode->storage_sel = 1
boot_mode->boot_type = 5

Starting kernel ...

[    0.000000] Booting Linux on physical CPU 0x0
[    0.000000] Linux version 4.19.125 (jenkins@root123) (gcc version 7.5.0 (Linaro GCC 7.5-2019.12)) #1 SMP PREEMPT Mon Jun 17 18:12:19 CST 2024
[    0.000000] CPU: ARMv7 Processor [410fd034] revision 4 (ARMv7), cr=50c5383d
[    0.000000] CPU: div instructions available: patching division code
[    0.000000] CPU: PIPT / VIPT nonaliasing data cache, VIPT aliasing instruction cache
[    0.000000] OF: fdt: Machine model: axera,ax620e
[    0.000000] ENC:0302C5TP;SEN:0302C4XQ;LENS:4801C0G2
[    0.000000] PROTOTYPE_NAME:IPC3624LE-ADF28K-WP
[    0.000000] chip type: 0x1
[    0.000000] memory total: 0x10000000, Media: 0x9000000
[    0.000000] earlycon: uart8250 at MMIO32 0x04880000 (options '')
[    0.000000] bootconsole [uart8250] enabled
[    0.000000] Memory policy: Data cache writealloc
[    0.000000] On node 0 totalpages: 28672
[    0.000000]   Normal zone: 224 pages used for memmap
[    0.000000]   Normal zone: 0 pages reserved
[    0.000000]   Normal zone: 28672 pages, LIFO batch:7
[    0.000000] percpu: Embedded 18 pages/cpu s44236 r8192 d21300 u73728
[    0.000000] pcpu-alloc: s44236 r8192 d21300 u73728 alloc=18*4096
[    0.000000] pcpu-alloc: [0] 0 [0] 1 
[    0.000000] Built 1 zonelists, mobility grouping on.  Total pages: 28448
[    0.000000] Kernel command line: mem=112M console=ttyS0,115200n8 loglevel=8 earlycon=uart8250,mmio32,0x4880000 board_id=0,boot_reason=0x0 root=/dev/axramdisk rw rootfstype=ext2 init=/linuxrc mtdparts=spi4.0:1M(spl),512K(ddrinit),2048K(uboot),512K(env),6M(calibration),1M(cliinfo),8M(config),1M(runtime),6M(cfgbak),7M(kernel),512K(update),94M(program),-(other)
[    0.000000] Dentry cache hash table entries: 16384 (order: 4, 65536 bytes)
[    0.000000] Inode-cache hash table entries: 8192 (order: 3, 32768 bytes)
[    0.000000] Memory: 104156K/114688K available (3967K kernel code, 222K rwdata, 1384K rodata, 2516K init, 396K bss, 10532K reserved, 0K cma-reserved)
[    0.000000] Virtual kernel memory layout:
[    0.000000]     vector  : 0xffff0000 - 0xffff1000   (   4 kB)
[    0.000000]     fixmap  : 0xffc00000 - 0xfff00000   (3072 kB)
[    0.000000]     vmalloc : 0xc7800000 - 0xff800000   ( 896 MB)
[    0.000000]     lowmem  : 0xc0000000 - 0xc7000000   ( 112 MB)
[    0.000000]     modules : 0xbf800000 - 0xc0000000   (   8 MB)
[    0.000000]       .text : 0x(ptrval) - 0x(ptrval)   (3969 kB)
[    0.000000]       .init : 0x(ptrval) - 0x(ptrval)   (2516 kB)
[    0.000000]       .data : 0x(ptrval) - 0x(ptrval)   ( 223 kB)
[    0.000000]        .bss : 0x(ptrval) - 0x(ptrval)   ( 397 kB)
[    0.000000] SLUB: HWalign=64, Order=0-3, MinObjects=0, CPUs=2, Nodes=1
[    0.000000] rcu: Preemptible hierarchical RCU implementation.
[    0.000000] rcu: 	RCU event tracing is enabled.
[    0.000000] 	Tasks RCU enabled.
[    0.000000] NR_IRQS: 16, nr_irqs: 16, preallocated irqs: 16
[    0.000000] arch_timer: cp15 timer(s) running at 24.00MHz (phys).
[    0.000000] clocksource: arch_sys_counter: mask: 0xffffffffffffff max_cycles: 0x588fe9dc0, max_idle_ns: 440795202592 ns
[    0.000004] sched_clock: 56 bits at 24MHz, resolution 41ns, wraps every 4398046511097ns
[    0.008019] Switching to timer-based delay loop, resolution 41ns
[    0.016596] Console: colour dummy device 80x30
[    0.021073] Calibrating delay loop (skipped), value calculated using timer frequency.. 48.00 BogoMIPS (lpj=120000)
[    0.031445] pid_max: default: 32768 minimum: 301
[    0.036162] Mount-cache hash table entries: 1024 (order: 0, 4096 bytes)
[    0.042793] Mountpoint-cache hash table entries: 1024 (order: 0, 4096 bytes)
[    0.050243] CPU: Testing write buffer coherency: ok
[    0.055383] CPU0: thread -1, cpu 0, socket 0, mpidr 80000000
[    0.091144] Setting up static identity map for 0x40008240 - 0x40008278
[    0.107710] rcu: Hierarchical SRCU implementation.
[    0.127738] smp: Bringing up secondary CPUs ...
[    0.157957] CPU1: thread -1, cpu 1, socket 0, mpidr 80000001
[    0.158055] smp: Brought up 1 node, 2 CPUs
[    0.167845] SMP: Total of 2 processors activated (96.00 BogoMIPS).
[    0.174039] CPU: All CPU(s) started in SVC mode.
[    0.179244] devtmpfs: initialized
[    0.210149] random: get_random_u32 called from bucket_table_alloc+0x63/0x118 with crng_init=0
[    0.218871] VFP support v0.3: implementor 41 architecture 3 part 40 variant 3 rev 4
[    0.226724] clocksource: jiffies: mask: 0xffffffff max_cycles: 0xffffffff, max_idle_ns: 9556302231375000 ns
[    0.236491] futex hash table entries: 512 (order: 3, 32768 bytes)
[    0.242716] pinctrl core: initialized pinctrl subsystem
[    0.248205] NET: Registered protocol family 16
[    0.252941] DMA: preallocated 256 KiB pool for atomic coherent allocations
[    0.260680] ax_pin_init ret 0 index 7
[    0.265885] console [pstore-1] enabled
[    0.269642] pstore: Registered ramoops as persistent store backend
[    0.275841] ramoops: attached 0x8000@0x41000000, ecc: 0/0
[    0.293933] SCSI subsystem initialized
[    0.297847] usbcore: registered new interface driver usbfs
[    0.303394] usbcore: registered new interface driver hub
[    0.308768] usbcore: registered new device driver usb
[    0.314465] pps_core: LinuxPPS API ver. 1 registered
[    0.319456] pps_core: Software ver. 5.3.6 - Copyright 2005-2007 Rodolfo Giometti <giometti@linux.it>
[    0.328618] PTP clock support registered
[    0.332759] Advanced Linux Sound Architecture Driver Initialized.
[    0.339949] dma_per 48a0000.dma_per: Axera DMA Peripherals Controller, 16 channels
[    0.347958] dma:ax_dma_probe:1605: done
[    0.352166] clocksource: Switched to clocksource arch_sys_counter
[    0.362836] NET: Registered protocol family 2
[    0.367668] tcp_listen_portaddr_hash hash table entries: 512 (order: 0, 6144 bytes)
[    0.375372] TCP established hash table entries: 1024 (order: 0, 4096 bytes)
[    0.382367] TCP bind hash table entries: 1024 (order: 1, 8192 bytes)
[    0.388754] TCP: Hash tables configured (established 1024 bind 1024)
[    0.395178] UDP hash table entries: 256 (order: 1, 8192 bytes)
[    0.401044] UDP-Lite hash table entries: 256 (order: 1, 8192 bytes)
[    0.407423] NET: Registered protocol family 1
[    0.412071] RPC: Registered named UNIX socket transport module.
[    0.418020] RPC: Registered udp transport module.
[    0.422736] RPC: Registered tcp transport module.
[    0.427453] RPC: Registered tcp NFSv4.1 backchannel transport module.
[    0.543038] workingset: timestamp_bits=30 max_order=15 bucket_order=0
[    0.553652] axera_logctl_init: of_find_compatible_node 'axera,logctl' success!!!
[    0.553658] axera_logctl_init: of_find_compatible_node config: /etc/ax_syslog.conf
[    0.561121] axera_logctl_init: logstate:1 1 len:2
[    0.573429] axera_logctl_init: loglevel:4 4 len:2
[    0.578378] squashfs: version 4.0 (2009/01/31) Phillip Lougher
[    0.584688] NFS: Registering the id_resolver key type
[    0.589780] Key type id_resolver registered
[    0.593977] Key type id_legacy registered
[    0.598022] jffs2: version 2.2. (NAND) Â© 2001-2006 Red Hat, Inc.
[    0.606962] io scheduler noop registered (default)
[    0.611800] io scheduler mq-deadline registered
[    0.616351] io scheduler kyber registered
[    0.621588] axera-pinctrl 2300000.pinctrl: initialized pinctrl driver
[    0.631815] ax_os_mem_init
[    0.634677] [GZIP][D]: [     1][ax_gzipd_init : 730] enter ax_gzipd_init
[    0.642201] Serial: 8250/16550 driver, 5 ports, IRQ sharing disabled
[    0.649568] console [ttyS0] disabled
[    0.653215] 4880000.ax_uart: ttyS0 at MMIO 0x4880000 (irq = 20, base_baud = 13000000) is a 16550A
[    0.662138] console [ttyS0] enabled
[    0.662138] console [ttyS0] enabled
[    0.669124] bootconsole [uart8250] disabled
[    0.669124] bootconsole [uart8250] disabled
[    0.678702] null: module loaded
[    0.682412] ax_ramdisk_init:can't find ramdisk device tree node
[    0.689305] dw_spi_setup: rx_sample_dly_ns=0x6, chip->rx_sample_dly=0x3
[    0.696080] spi_master spi4: set clk_div=0x4, speed_hz=104000000, dws->max_freq=416000000
[    0.704280] spi_master spi4: set rx_sample_dly=0x3
[    0.709125] spi-nand spi4.0: FudanMicroelec SPI NAND was found.
[    0.715062] spi-nand spi4.0: 128 MiB, block size: 128 KiB, page size: 2048, OOB size: 64
[    0.723665] 13 cmdlinepart partitions found on MTD device spi4.0
[    0.729689] Creating 13 MTD partitions on "spi4.0":
[    0.734580] 0x000000000000-0x000000100000 : "spl"
[    0.740598] 0x000000100000-0x000000180000 : "ddrinit"
[    0.746470] 0x000000180000-0x000000380000 : "uboot"
[    0.753572] 0x000000380000-0x000000400000 : "env"
[    0.759110] 0x000000400000-0x000000a00000 : "calibration"
[    0.770363] 0x000000a00000-0x000000b00000 : "cliinfo"
[    0.776693] 0x000000b00000-0x000001300000 : "config"
[    0.789325] 0x000001300000-0x000001400000 : "runtime"
[    0.795658] 0x000001400000-0x000001a00000 : "cfgbak"
[    0.806446] 0x000001a00000-0x000002100000 : "kernel"
[    0.818169] 0x000002100000-0x000002180000 : "update"
[    0.823995] 0x000002180000-0x000007f80000 : "program"
[    0.915060] 0x000007f80000-0x000008000000 : "other"
[    0.921039] libphy: Fixed MDIO Bus: probed
[    0.925206] tun: Universal TUN/TAP device driver, 1.6
[    0.930498] stmmaceth 104c0000.ethernet: probe axera emac
[    0.936009] stmmaceth 104c0000.ethernet: phy-rst-gpio not configure
[    0.942312] stmmaceth 104c0000.ethernet: emac bus clock: 312MHz
[    0.948275] stmmaceth 104c0000.ethernet: emac phy clock: 25MHz
[    0.954153] stmmaceth 104c0000.ethernet: PTP rate: 50MHz
[    0.959496] stmmaceth 104c0000.ethernet: reset axera emac...
[    0.970177] stmmaceth 104c0000.ethernet: EMAC: select Inner RMII interface, value:0x00000000
[    0.978747] stmmaceth 104c0000.ethernet: User ID: 0x10, Synopsys ID: 0x52
[    0.985551] stmmaceth 104c0000.ethernet: 	DWMAC4/5
[    0.990355] stmmaceth 104c0000.ethernet: DMA HW capability register supported
[    0.997503] stmmaceth 104c0000.ethernet: RX Checksum Offload Engine supported
[    1.004649] stmmaceth 104c0000.ethernet: TX Checksum insertion supported
[    1.011363] stmmaceth 104c0000.ethernet: Wake-Up On Lan supported
[    1.017469] stmmaceth 104c0000.ethernet: TSO supported
[    1.022616] stmmaceth 104c0000.ethernet: Enable RX Mitigation via HW Watchdog Timer
[    1.030292] stmmaceth 104c0000.ethernet: Enabling HW TC (entries=256, max_off=256)
[    1.037875] stmmaceth 104c0000.ethernet: USO feature enabled
[    1.043544] stmmaceth 104c0000.ethernet: TSO feature enabled
[    1.049292] libphy: stmmac: probed
[    1.055629] PPP generic driver version 2.4.2
[    1.060053] PPP BSD Compression module registered
[    1.064775] PPP Deflate Compression module registered
[    1.069837] NET: Registered protocol family 24
[    1.074636] axera dwc3 soc:axera_dwc3: axera usb probe
[    1.079959] axera dwc3 soc:axera_dwc3: usb bus clock: 312MHz
[    1.085649] axera dwc3 soc:axera_dwc3: axera usb clk set succeed.
[    1.091778] axera dwc3 soc:axera_dwc3: axera usb reset succeed.
[    1.097968] dwc3 8000000.dwc3: probe later.
[    1.102614] usbcore: registered new interface driver cdc_acm
[    1.108285] cdc_acm: USB Abstract Control Model driver for USB modems and ISDN adapters
[    1.116447] usbcore: registered new interface driver uas
[    1.121805] usbcore: registered new interface driver usb-storage
[    1.127884] usbcore: registered new interface driver usbserial_generic
[    1.134438] usbserial: USB Serial support registered for generic
[    1.176406] rtc_axera 23e0000.rtc-top: rtc core: registered 23e0000.rtc-top as rtc0
[    1.184169] i2c /dev entries driver
[    1.189132] ax_wdt:ax_wdt_drv_probe:346: done!
[    1.189476] sdhci: Secure Digital Host Controller Interface driver
[    1.200141] sdhci: Copyright(c) Pierre Ossman
[    1.204534] sdhci-pltfm: SDHCI platform and OF driver helper
[    1.204623] sdhci-axera 104e0000.sdhc: axera sdhci probe
[    1.210864] usbcore: registered new interface driver usbhid
[    1.217819] get cd gpio failed
[    1.221106] usbhid: USB HID core driver
[    1.229858] dev->intr_type = 0
[    1.232950] dw_i2s_probe, hdmi_i2s: 0
[    1.236715] config pin_sd_misc to 0x300100
[    1.240837] dw_i2s_probe get irq is -6
[    1.244609] IIS get i2s_mclk: 12288000
[    1.248372] IIS get i2s_mclk: 12288000
[    1.252166] IIS probe OK
[    1.254747] dev->intr_type = 1
[    1.257813] dw_i2s_probe, hdmi_i2s: 0
[    1.261537] config pin_sd_misc to 0x300100
[    1.265651] dw_i2s_probe get irq is -6
[    1.269420] IIS get i2s_mclk: 12288000
[    1.273179] IIS get i2s_mclk: 12288000
[    1.276945] IIS probe OK
[    1.279834] ax_actt_probe
[    1.282519] designware-actt 23f2000.audio_codec: No cache used with register defaults set!
[    1.290897] oprofile: hardware counters not available
[    1.292249] mmc0: SDHCI controller on 104e0000.sdhc [104e0000.sdhc] using ADMA 64-bit
[    1.295968] oprofile: using timer interrupt.
[    1.303822] sdhci_cdns_read_phy_reg: phy lock successful
[    1.308717] NET: Registered protocol family 10
[    1.336339] Segment Routing with IPv6
[    1.340148] mip6: Mobile IPv6
[    1.343605] sit: IPv6, IPv4 and MPLS over IPv4 tunneling driver
[    1.350279] NET: Registered protocol family 17
[    1.354824] l2tp_core: L2TP core driver, V2.0
[    1.359203] l2tp_ppp: PPPoL2TP kernel driver, V2.0
[    1.364023] Key type dns_resolver registered
[    1.368472] Registering SWP/SWPB emulation handler
[    1.373277] chip type: AX620Q
[    1.376253] product init ok
[    1.379800] pstore: Using compression: deflate
[    1.385234] i2c_designware 4850000.i2c: running with gpio recovery mode! scl,sda
[    1.392806] i2c i2c-0: using pinctrl states for GPIO recovery
[    1.398967] i2c_designware 4851000.i2c: running with gpio recovery mode! scl,sda
[    1.406497] i2c i2c-1: using pinctrl states for GPIO recovery
[    1.412610] dwc3 8000000.dwc3: dr_mode is 3 (1-host 2-device 3-otg)
[    1.418916] dwc3 8000000.dwc3: EP NUM:16
[    1.423156] actt_component_probe
[    1.423156]  
[    1.423294] bengin actt_set_sysclk
[    1.428100] actt_set_sysclk, freq: 12288000
[    1.435694] actt_set_dai_fmt, fmt: 0x1001
[    1.439713] actt_set_dai_fmt, actt rx only support master fmt_mode: 0x1000
[    1.446596] actt in I2S Format
[    1.449659] dw_i2s_set_fmt, fmt: 0x1001
[    1.454051] asoc-simple-card sound: 23f2000.audio_codec <-> 6051000.i2s_slv mapping ok
[    1.461980] bengin actt_set_sysclk
[    1.461982] actt_set_sysclk, freq: 12288000
[    1.469582] actt_set_dai_fmt, fmt: 0x4001
[    1.473600] actt_set_dai_fmt, actt tx only support salve .fmt_mode: 0x4000
[    1.480482] actt in I2S Format
[    1.483543] dw_i2s_set_fmt, fmt: 0x4001
[    1.487901] asoc-simple-card sound: 23f2000.audio_codec <-> 6050000.i2s_mst mapping ok
[    1.496012] dwc3 8000000.dwc3: axera usb gadget init
[    1.512682] rtc_axera 23e0000.rtc-top: setting system clock to 1970-01-01 08:00:00 UTC (28800)
[    1.521724] OF: fdt: not creating '/sys/firmware/fdt': CRC check failed
[    1.528615] ALSA device list:
[    1.531585]   #0: Axera Audio
[    1.534725] ttyS0 - failed to request DMA
[    1.540666] Freeing unused kernel memory: 2516K
[    1.545206] This architecture does not have kernel memory protection.
[    1.551655] Run /init as init process
[RCS]: /etc/init.d/S11init
mount: mounting debugfs on /sys/kernel/debug failed: No such file or directory
[RCS]: /etc/init.d/S30ambrwfs
cp: can't stat '/root/*': No such file or directory
[    1.855533] ubi0: default fastmap pool size: 35
[    1.860168] ubi0: default fastmap WL pool size: 17
[    1.864977] ubi0: attaching mtd12
[    1.911423] random: fast init done
[    2.138932] ubi0: scanning is finished
[    2.153265] ubi0: attached mtd12 (name "program", size 94 MiB)
[    2.159132] ubi0: PEB size: 131072 bytes (128 KiB), LEB size: 126976 bytes
[    2.166025] ubi0: min./max. I/O unit sizes: 2048/2048, sub-page size 2048
[    2.172829] ubi0: VID header offset: 2048 (aligned 2048), data offset: 4096
[    2.179803] ubi0: good PEBs: 751, bad PEBs: 1, corrupted PEBs: 0
[    2.185821] ubi0: user volume: 1, internal volumes: 1, max. volumes count: 128
[    2.193059] ubi0: max/mean erase counter: 4/1, WL threshold: 4096, image sequence number: 1390195764
[    2.202206] ubi0: available PEBs: 0, total reserved PEBs: 751, PEBs reserved for bad PEB handling: 15
[    2.211477] ubi0: background thread "ubi_bgt0d" started, PID 169
UBI device number 0, total 751 LEBs (95358976 bytes, 90.9 MiB), available 0 LEBs (0 bytes), LEB size 126976 bytes (124.0 KiB)
u[    2.227976] UBIFS (ubi0:0): background thread "ubifs_bgt0_0" started, PID 176
bi0_0 exist.
create Directory:/program
df: /dev/pts: No such file or directory
    mount -t ubifs ubi0:program /program 
[    2.258668] UBIFS (ubi0:0): recovery needed
[    2.316261] UBIFS (ubi0:0): recovery completed
[    2.321248] UBIFS (ubi0:0): UBIFS: mounted UBI device 0, volume 0, name "program"
[    2.328747] UBIFS (ubi0:0): LEB size: 126976 bytes (124 KiB), min./max. I/O unit sizes: 2048 bytes/2048 bytes
[    2.338677] UBIFS (ubi0:0): FS size: 91295744 bytes (87 MiB, 719 LEBs), journal size 9023488 bytes (8 MiB, 72 LEBs)
[    2.349123] UBIFS (ubi0:0): reserved for root: 0 bytes (0 KiB)
[    2.354968] UBIFS (ubi0:0): media format: w4/r0 (latest is w5/r0), UUID 5AA93821-CE3B-42DF-8B4C-323281550D45, small LPT model
[    2.379374] ubi1: default fastmap pool size: 8
[    2.383917] ubi1: default fastmap WL pool size: 4
[    2.388638] ubi1: attaching mtd7
[    2.414870] ubi1: scanning is finished
[    2.428603] ubi1: attached mtd7 (name "config", size 8 MiB)
[    2.434211] ubi1: PEB size: 131072 bytes (128 KiB), LEB size: 126976 bytes
[    2.441103] ubi1: min./max. I/O unit sizes: 2048/2048, sub-page size 2048
[    2.447922] ubi1: VID header offset: 2048 (aligned 2048), data offset: 4096
[    2.454897] ubi1: good PEBs: 64, bad PEBs: 0, corrupted PEBs: 0
[    2.460835] ubi1: user volume: 1, internal volumes: 1, max. volumes count: 128
[    2.468082] ubi1: max/mean erase counter: 24/13, WL threshold: 4096, image sequence number: 3376025183
[    2.477410] ubi1: available PEBs: 0, total reserved PEBs: 64, PEBs reserved for bad PEB handling: 4
[    2.486493] ubi1: background thread "ubi_bgt1d" started, PID 186
UBI device number 1, total 64 LEBs (8126464 bytes, 7.7 MiB), available 0 LEBs (0 bytes), LEB size 126976 bytes (124.0 KiB)
ubi1[    2.503094] UBIFS (ubi1:0): background thread "ubifs_bgt1_0" started, PID 193
_0 exist.
create Directory:/config
df: /dev/pts: No such file or directory
    mount -t ubifs ubi1:config /config 
[    2.534594] UBIFS (ubi1:0): recovery needed
[    2.633307] UBIFS (ubi1:0): recovery completed
[    2.638338] UBIFS (ubi1:0): UBIFS: mounted UBI device 1, volume 0, name "config"
[    2.645746] UBIFS (ubi1:0): LEB size: 126976 bytes (124 KiB), min./max. I/O unit sizes: 2048 bytes/2048 bytes
[    2.655676] UBIFS (ubi1:0): FS size: 5586944 bytes (5 MiB, 44 LEBs), journal size 1015809 bytes (0 MiB, 6 LEBs)
[    2.665776] UBIFS (ubi1:0): reserved for root: 263884 bytes (257 KiB)
[    2.672231] UBIFS (ubi1:0): media format: w5/r0 (latest is w5/r0), UUID 6D0233DC-6B50-42EA-8560-1142E2371A7A, small LPT model
[    2.698593] ubi2: default fastmap pool size: 8
[    2.703099] ubi2: default fastmap WL pool size: 4
[    2.707874] ubi2: attaching mtd9
[    2.728750] ubi2: scanning is finished
[    2.742488] ubi2: attached mtd9 (name "cfgbak", size 6 MiB)
[    2.748091] ubi2: PEB size: 131072 bytes (128 KiB), LEB size: 126976 bytes
[    2.754982] ubi2: min./max. I/O unit sizes: 2048/2048, sub-page size 2048
[    2.761783] ubi2: VID header offset: 2048 (aligned 2048), data offset: 4096
[    2.768761] ubi2: good PEBs: 48, bad PEBs: 0, corrupted PEBs: 0
[    2.774692] ubi2: user volume: 1, internal volumes: 1, max. volumes count: 128
[    2.781927] ubi2: max/mean erase counter: 23/13, WL threshold: 4096, image sequence number: 1034400906
[    2.791248] ubi2: available PEBs: 0, total reserved PEBs: 48, PEBs reserved for bad PEB handling: 4
[    2.800323] ubi2: background thread "ubi_bgt2d" started, PID 203
UBI device number 2, total 48 LEBs (6094848 bytes, 5.8 MiB), available 0 LEBs (0 bytes), LEB size 126976 bytes (124.0 KiB)
ubi2[    2.816984] UBIFS (ubi2:0): background thread "ubifs_bgt2_0" started, PID 210
_0 exist.
create Directory:/cfgbak
df: /dev/pts: No such file or directory
    mount -t ubifs ubi2:cfgbak /cfgbak 
[    2.847631] UBIFS (ubi2:0): recovery needed
[    2.931750] UBIFS (ubi2:0): recovery completed
[    2.936738] UBIFS (ubi2:0): UBIFS: mounted UBI device 2, volume 0, name "cfgbak"
[    2.944149] UBIFS (ubi2:0): LEB size: 126976 bytes (124 KiB), min./max. I/O unit sizes: 2048 bytes/2048 bytes
[    2.954078] UBIFS (ubi2:0): FS size: 3555328 bytes (3 MiB, 28 LEBs), journal size 1015809 bytes (0 MiB, 6 LEBs)
[    2.964178] UBIFS (ubi2:0): reserved for root: 167926 bytes (163 KiB)
[    2.970631] UBIFS (ubi2:0): media format: w5/r0 (latest is w5/r0), UUID 53E3460B-080A-4FEE-AEE2-4B0AFEB51CC3, small LPT model
[    2.996825] ubi3: default fastmap pool size: 8
[    3.001324] ubi3: default fastmap WL pool size: 4
[    3.006063] ubi3: attaching mtd5
[    3.027070] ubi3: scanning is finished
[    3.038487] ubi3: attached mtd5 (name "calibration", size 6 MiB)
[    3.044537] ubi3: PEB size: 131072 bytes (128 KiB), LEB size: 126976 bytes
[    3.051458] ubi3: min./max. I/O unit sizes: 2048/2048, sub-page size 2048
[    3.058268] ubi3: VID header offset: 2048 (aligned 2048), data offset: 4096
[    3.065255] ubi3: good PEBs: 48, bad PEBs: 0, corrupted PEBs: 0
[    3.071188] ubi3: user volume: 1, internal volumes: 1, max. volumes count: 128
[    3.078426] ubi3: max/mean erase counter: 6/2, WL threshold: 4096, image sequence number: 3091558067
[    3.087574] ubi3: available PEBs: 0, total reserved PEBs: 48, PEBs reserved for bad PEB handling: 4
[    3.096640] ubi3: background thread "ubi_bgt3d" started, PID 220
UBI device number 3, total 48 LEBs (6094848 bytes, 5.8 MiB), available 0 LEBs (0 bytes), LEB size 126976 bytes (124.0 KiB)
ubi3[    3.110813] UBIFS (ubi3:0): background thread "ubifs_bgt3_0" started, PID 226
_0 exist.
    /calibration exists
df: /dev/pts: No such file or directory
    mount -t ubifs ubi3:calibration /calibration 
[    3.178382] UBIFS (ubi3:0): UBIFS: mounted UBI device 3, volume 0, name "calibration"
[    3.186242] UBIFS (ubi3:0): LEB size: 126976 bytes (124 KiB), min./max. I/O unit sizes: 2048 bytes/2048 bytes
[    3.196173] UBIFS (ubi3:0): FS size: 3555328 bytes (3 MiB, 28 LEBs), journal size 1015809 bytes (0 MiB, 6 LEBs)
[    3.206275] UBIFS (ubi3:0): reserved for root: 167926 bytes (163 KiB)
[    3.212731] UBIFS (ubi3:0): media format: w5/r0 (latest is w5/r0), UUID BF7BD558-BC9A-4D8D-B2C4-EE4F6925CECD, small LPT model
[    3.248537] UBIFS (ubi0:0): background thread "ubifs_bgt0_0" stops
[    6.227196] random: crng init done
verify signature fail, exit!
[    6.259927] UBIFS (ubi0:0): un-mount UBI device 0
can't run '/program/bin/init.sh': No such file or directory

root login: 
root login: 
root login: 
root login: 
root login: root
Password: 
login[242]: root login on 'ttyS0'

User@/root>checUser@/root>checksysready
sh: can't open '/program/bin/checksysready.sh': No such file or directory

User@/root>User@/root>User@/root>checksysready
sh: can't open '/program/bin/checksysready.sh': No such file or directory

User@/root>User@/root>User@/root>checksysreadyl
Not support cmd yet!

User@/root>?
    logout
    exit
    update
    systemreport.sh
    display
    ifconfig
    ping
    _hide
    sdformat
    resetconfig
    killall
    date
    catmwarestate
    catfpn
    ECHO
    tcpdump
    tcpdump.sh
    manuinfotool
    tail
    reboot
    autotest
    mactool
    factorymode
    runtime
    setrsa
    getrsa
    getauthdata
    setlicense
    getlicense
    getudid
    download_logo
    cleancfg
    iperf
    downloadsetup
    ls
    ps
    checksysready
    cleanlogo
    downloadlensinfo
    displaylensinfo
    clearlensinfo
    downstitchcal
    uploadstitchcal
    setmonocularid
    getudid
    route
    mountnfs

User@/root>checksus  ysready
sh: can't open '/program/bin/checksysready.sh': No such file or directory

User@/root>q
Not support cmd yet!

User@/root>exit
Bye bye!

root login: [  1 ´V3N2C0N2C0RS

U-Boot 2020.04-00011-gddf6f040-dirty (Jun 17 2024 - 18:12:02 +0800), Build: jenkins-Compile_64ä½(10.188.40.119)-7385

U-Boot code: 5C000400 -> 5C095BEC  BSS: -> 5C0BD52C
Model: AXERA AX620E_Qnand Board
DRAM:  Monitor len: 000BD12C
Ram size: 10000000
Ram top: 50000000
TLB table from 4fff0000 to 4fff4000
Reserving 756k for U-Boot at: 4ff32000
Reserving 3584k for malloc() at: 4fbb2000
Reserving 96 Bytes for Board Info at: 4fbb1fa0
Reserving 216 Bytes for Global Data at: 4fbb1ec8
Reserving 14400 Bytes for FDT at: 4fbae688

RAM Configuration:
Bank #0: 40000000 
DRAM:  256 MiB
New Stack Pointer is: 4fbae660
Relocation Offset is: f3f31c00
Relocating to 4ff32000, new gd at 4fbb1ec8, sp at 4fbae660
WARNING: Caches not enabled
ax_adc_probe
No available THERMAL device
MMC:   mmc@1B40000: 0, mmc@104E0000: 1
NAND:  128 MiB
Loading Environment from NAND... *** Warning - bad CRC, using default environment

Loading Environment from SPI Flash... unrecognized JEDEC id bytes: ff, a1, e4
uclass_get_device: Invalid bus 0 (err=-2)
In:    serial
Out:   serial
Err:   serial
Current chip type: AX620Q_CHIP
Current board type: AX620Q_LP4_DEMO_V1_1
boot_reason:0x0
boot_mode->magic = 0x12345678
boot_mode->dl_channel = 0
boot_mode->storage_sel = 1
boot_mode->boot_type = 5
selecting mode MMC legacy (freq : 0 MHz)
Card did not respond to voltage select!
mmc_init: -95, time 24
no sd card
enter normal boot mode
boot_info_data.mode = 7
Net:   
Warning: ethernet@0x104C0000 (eth0) using random MAC address - ea:fc:b7:d6:6e:05
eth0: ethernet@0x104C0000  
boot_mode->magic = 0x12345678
boot_mode->dl_channel = 0
boot_mode->storage_sel = 1
boot_mode->boot_type = 5
module_get_macaddr_test
result is 1M(spl),512K(ddrinit),2048K(uboot),512K(env),6M(calibration),1M(cliinfo),8M(config),1M(runtime),6M(cfgbak),7M(kernel),512K(update),94M(program),-(other)
boot_mode->magic = 0x12345678
boot_mode->dl_channel = 0
boot_mode->storage_sel = 1
boot_mode->boot_type = 5
boot_mode->magic = 0x12345678
boot_mode->dl_channel = 0
boot_mode->storage_sel = 1
boot_mode->boot_type = 5
module_get_macaddr_test
result is 1M(spl),512K(ddrinit),2048K(uboot),512K(env),6M(calibration),1M(cliinfo),8M(config),1M(runtime),6M(cfgbak),7M(kernel),512K(update),94M(program),-(other)
boot_mode->magic = 0x12345678
boot_mode->dl_channel = 0
boot_mode->storage_sel = 1
boot_mode->boot_type = 5
Detected MACID:e4:f1:4c:77:66:ba
Detected ETH1 MACID:e4:f1:4c:77:66:ba
Press Ctrl+B to abort autoboot in 2 seconds
boot_mode->magic = 0x12345678
boot_mode->dl_channel = 0
boot_mode->storage_sel = 1
boot_mode->boot_type = 5
result is 1M(spl),512K(ddrinit),2048K(uboot),512K(env),6M(calibration),1M(cliinfo),8M(config),1M(runtime),6M(cfgbak),7M(kernel),512K(update),94M(program),-(other)
boot_mode->magic = 0x12345678
boot_mode->dl_channel = 0
boot_mode->storage_sel = 1
boot_mode->boot_type = 5
ax_shutdown_ephy:0x410021d1
enter do_axera_boot
reading kernel image size 0x700000 from spi nand flash ...
bondopt secureboot bit is enable:1, key_bits:2048
CACHE: Misaligned operation at range [4fbadb4c, 4fbadcd8]
total kernel image size = 6151640
>>> * kernel image verify success! * <<< 
header_info.blk_num=17, isize=6151640, osize=8629099, tile_cnt=12, last_tile_size=474568
boot cmd is :bootm 0x4e000000#conf-1
## Loading kernel from FIT Image at 4e000000 ...
   Using 'conf-1' configuration
   Trying 'kernel' kernel subimage
     Description:  Axera Linux kernel
     Type:         Kernel Image
     Compression:  uncompressed
     Data Start:   0x4e0000e4
     Data Size:    8485640 Bytes = 8.1 MiB
     Architecture: ARM
     OS:           Linux
     Load Address: 0x40008000
     Entry Point:  0x40008000
   Verifying Hash Integrity ... OK
## Loading fdt from FIT Image at 4e000000 ...
   Using 'conf-1' configuration
   Trying 'fdt-1' fdt subimage
     Description:  Flattened Device Tree blob
     Type:         Flat Device Tree
     Compression:  uncompressed
     Data Start:   0x4e817c9c
     Data Size:    141709 Bytes = 138.4 KiB
     Architecture: ARM
     Load Address: 0x42008000
   Verifying Hash Integrity ... OK
   Loading fdt from 0x4e817c9c to 0x42008000
   Booting using the fdt blob at 0x42008000
   Loading Kernel Image
   Using Device Tree in place at 42008000, end 4202d98c
boot_mode->magic = 0x12345678
boot_mode->dl_channel = 0
boot_mode->storage_sel = 1
boot_mode->boot_type = 5
result is 1M(spl),512K(ddrinit),2048K(uboot),512K(env),6M(calibration),1M(cliinfo),8M(config),1M(runtime),6M(cfgbak),7M(kernel),512K(update),94M(program),-(other)
boot_mode->magic = 0x12345678
boot_mode->dl_channel = 0
boot_mode->storage_sel = 1
boot_mode->boot_type = 5

Starting kernel ...

[    0.000000] Booting Linux on physical CPU 0x0
[    0.000000] Linux version 4.19.125 (jenkins@root123) (gcc version 7.5.0 (Linaro GCC 7.5-2019.12)) #1 SMP PREEMPT Mon Jun 17 18:12:19 CST 2024
[    0.000000] CPU: ARMv7 Processor [410fd034] revision 4 (ARMv7), cr=50c5383d
[    0.000000] CPU: div instructions available: patching division code
[    0.000000] CPU: PIPT / VIPT nonaliasing data cache, VIPT aliasing instruction cache
[    0.000000] OF: fdt: Machine model: axera,ax620e
[    0.000000] ENC:0302C5TP;SEN:0302C4XQ;LENS:4801C0G2
[    0.000000] PROTOTYPE_NAME:IPC3624LE-ADF28K-WP
[    0.000000] chip type: 0x1
[    0.000000] memory total: 0x10000000, Media: 0x9000000
[    0.000000] earlycon: uart8250 at MMIO32 0x04880000 (options '')
[    0.000000] bootconsole [uart8250] enabled
[    0.000000] Memory policy: Data cache writealloc
[    0.000000] On node 0 totalpages: 28672
[    0.000000]   Normal zone: 224 pages used for memmap
[    0.000000]   Normal zone: 0 pages reserved
[    0.000000]   Normal zone: 28672 pages, LIFO batch:7
[    0.000000] percpu: Embedded 18 pages/cpu s44236 r8192 d21300 u73728
[    0.000000] pcpu-alloc: s44236 r8192 d21300 u73728 alloc=18*4096
[    0.000000] pcpu-alloc: [0] 0 [0] 1 
[    0.000000] Built 1 zonelists, mobility grouping on.  Total pages: 28448
[    0.000000] Kernel command line: mem=112M console=ttyS0,115200n8 loglevel=8 earlycon=uart8250,mmio32,0x4880000 board_id=0,boot_reason=0x0 root=/dev/axramdisk rw rootfstype=ext2 init=/linuxrc mtdparts=spi4.0:1M(spl),512K(ddrinit),2048K(uboot),512K(env),6M(calibration),1M(cliinfo),8M(config),1M(runtime),6M(cfgbak),7M(kernel),512K(update),94M(program),-(other)
[    0.000000] Dentry cache hash table entries: 16384 (order: 4, 65536 bytes)
[    0.000000] Inode-cache hash table entries: 8192 (order: 3, 32768 bytes)
[    0.000000] Memory: 104156K/114688K available (3967K kernel code, 222K rwdata, 1384K rodata, 2516K init, 396K bss, 10532K reserved, 0K cma-reserved)
[    0.000000] Virtual kernel memory layout:
[    0.000000]     vector  : 0xffff0000 - 0xffff1000   (   4 kB)
[    0.000000]     fixmap  : 0xffc00000 - 0xfff00000   (3072 kB)
[    0.000000]     vmalloc : 0xc7800000 - 0xff800000   ( 896 MB)
[    0.000000]     lowmem  : 0xc0000000 - 0xc7000000   ( 112 MB)
[    0.000000]     modules : 0xbf800000 - 0xc0000000   (   8 MB)
[    0.000000]       .text : 0x(ptrval) - 0x(ptrval)   (3969 kB)
[    0.000000]       .init : 0x(ptrval) - 0x(ptrval)   (2516 kB)
[    0.000000]       .data : 0x(ptrval) - 0x(ptrval)   ( 223 kB)
[    0.000000]        .bss : 0x(ptrval) - 0x(ptrval)   ( 397 kB)
[    0.000000] SLUB: HWalign=64, Order=0-3, MinObjects=0, CPUs=2, Nodes=1
[    0.000000] rcu: Preemptible hierarchical RCU implementation.
[    0.000000] rcu: 	RCU event tracing is enabled.
[    0.000000] 	Tasks RCU enabled.
[    0.000000] NR_IRQS: 16, nr_irqs: 16, preallocated irqs: 16
[    0.000000] arch_timer: cp15 timer(s) running at 24.00MHz (phys).
[    0.000000] clocksource: arch_sys_counter: mask: 0xffffffffffffff max_cycles: 0x588fe9dc0, max_idle_ns: 440795202592 ns
[    0.000004] sched_clock: 56 bits at 24MHz, resolution 41ns, wraps every 4398046511097ns
[    0.008019] Switching to timer-based delay loop, resolution 41ns
[    0.016596] Console: colour dummy device 80x30
[    0.021072] Calibrating delay loop (skipped), value calculated using timer frequency.. 48.00 BogoMIPS (lpj=120000)
[    0.031444] pid_max: default: 32768 minimum: 301
[    0.036159] Mount-cache hash table entries: 1024 (order: 0, 4096 bytes)
[    0.042790] Mountpoint-cache hash table entries: 1024 (order: 0, 4096 bytes)
[    0.050243] CPU: Testing write buffer coherency: ok
[    0.055376] CPU0: thread -1, cpu 0, socket 0, mpidr 80000000
[    0.091136] Setting up static identity map for 0x40008240 - 0x40008278
[    0.107702] rcu: Hierarchical SRCU implementation.
[    0.127730] smp: Bringing up secondary CPUs ...
[    0.157949] CPU1: thread -1, cpu 1, socket 0, mpidr 80000001
[    0.158048] smp: Brought up 1 node, 2 CPUs
[    0.167838] SMP: Total of 2 processors activated (96.00 BogoMIPS).
[    0.174033] CPU: All CPU(s) started in SVC mode.
[    0.179242] devtmpfs: initialized
[    0.210170] random: get_random_u32 called from bucket_table_alloc+0x63/0x118 with crng_init=0
[    0.218893] VFP support v0.3: implementor 41 architecture 3 part 40 variant 3 rev 4
[    0.226743] clocksource: jiffies: mask: 0xffffffff max_cycles: 0xffffffff, max_idle_ns: 9556302231375000 ns
[    0.236511] futex hash table entries: 512 (order: 3, 32768 bytes)
[    0.242736] pinctrl core: initialized pinctrl subsystem
[    0.248221] NET: Registered protocol family 16
[    0.252954] DMA: preallocated 256 KiB pool for atomic coherent allocations
[    0.260689] ax_pin_init ret 0 index 7
[    0.265900] console [pstore-1] enabled
[    0.269656] pstore: Registered ramoops as persistent store backend
[    0.275857] ramoops: attached 0x8000@0x41000000, ecc: 0/0
[    0.293953] SCSI subsystem initialized
[    0.297873] usbcore: registered new interface driver usbfs
[    0.303421] usbcore: registered new interface driver hub
[    0.308795] usbcore: registered new device driver usb
[    0.314487] pps_core: LinuxPPS API ver. 1 registered
[    0.319479] pps_core: Software ver. 5.3.6 - Copyright 2005-2007 Rodolfo Giometti <giometti@linux.it>
[    0.328641] PTP clock support registered
[    0.332785] Advanced Linux Sound Architecture Driver Initialized.
[    0.339976] dma_per 48a0000.dma_per: Axera DMA Peripherals Controller, 16 channels
[    0.347990] dma:ax_dma_probe:1605: done
[    0.352196] clocksource: Switched to clocksource arch_sys_counter
[    0.362869] NET: Registered protocol family 2
[    0.367703] tcp_listen_portaddr_hash hash table entries: 512 (order: 0, 6144 bytes)
[    0.375408] TCP established hash table entries: 1024 (order: 0, 4096 bytes)
[    0.382404] TCP bind hash table entries: 1024 (order: 1, 8192 bytes)
[    0.388791] TCP: Hash tables configured (established 1024 bind 1024)
[    0.395214] UDP hash table entries: 256 (order: 1, 8192 bytes)
[    0.401079] UDP-Lite hash table entries: 256 (order: 1, 8192 bytes)
[    0.407458] NET: Registered protocol family 1
[    0.412105] RPC: Registered named UNIX socket transport module.
[    0.418053] RPC: Registered udp transport module.
[    0.422770] RPC: Registered tcp transport module.
[    0.427486] RPC: Registered tcp NFSv4.1 backchannel transport module.
[    0.543048] workingset: timestamp_bits=30 max_order=15 bucket_order=0
[    0.553656] axera_logctl_init: of_find_compatible_node 'axera,logctl' success!!!
[    0.553663] axera_logctl_init: of_find_compatible_node config: /etc/ax_syslog.conf
[    0.561127] axera_logctl_init: logstate:1 1 len:2
[    0.573435] axera_logctl_init: loglevel:4 4 len:2
[    0.578393] squashfs: version 4.0 (2009/01/31) Phillip Lougher
[    0.584703] NFS: Registering the id_resolver key type
[    0.589790] Key type id_resolver registered
[    0.593986] Key type id_legacy registered
[    0.598031] jffs2: version 2.2. (NAND) Â© 2001-2006 Red Hat, Inc.
[    0.606905] io scheduler noop registered (default)
[    0.611744] io scheduler mq-deadline registered
[    0.616294] io scheduler kyber registered
[    0.621527] axera-pinctrl 2300000.pinctrl: initialized pinctrl driver
[    0.631762] ax_os_mem_init
[    0.634585] [GZIP][D]: [     1][ax_gzipd_init : 730] enter ax_gzipd_init
[    0.642079] Serial: 8250/16550 driver, 5 ports, IRQ sharing disabled
[    0.649457] console [ttyS0] disabled
[    0.653105] 4880000.ax_uart: ttyS0 at MMIO 0x4880000 (irq = 20, base_baud = 13000000) is a 16550A
[    0.662027] console [ttyS0] enabled
[    0.662027] console [ttyS0] enabled
[    0.669014] bootconsole [uart8250] disabled
[    0.669014] bootconsole [uart8250] disabled
[    0.678596] null: module loaded
[    0.682284] ax_ramdisk_init:can't find ramdisk device tree node
[    0.689161] dw_spi_setup: rx_sample_dly_ns=0x6, chip->rx_sample_dly=0x3
[    0.695938] spi_master spi4: set clk_div=0x4, speed_hz=104000000, dws->max_freq=416000000
[    0.704136] spi_master spi4: set rx_sample_dly=0x3
[    0.708987] spi-nand spi4.0: FudanMicroelec SPI NAND was found.
[    0.714921] spi-nand spi4.0: 128 MiB, block size: 128 KiB, page size: 2048, OOB size: 64
[    0.723531] 13 cmdlinepart partitions found on MTD device spi4.0
[    0.729553] Creating 13 MTD partitions on "spi4.0":
[    0.734443] 0x000000000000-0x000000100000 : "spl"
[    0.740468] 0x000000100000-0x000000180000 : "ddrinit"
[    0.746341] 0x000000180000-0x000000380000 : "uboot"
[    0.753424] 0x000000380000-0x000000400000 : "env"
[    0.758954] 0x000000400000-0x000000a00000 : "calibration"
[    0.770201] 0x000000a00000-0x000000b00000 : "cliinfo"
[    0.776539] 0x000000b00000-0x000001300000 : "config"
[    0.789157] 0x000001300000-0x000001400000 : "runtime"
[    0.795492] 0x000001400000-0x000001a00000 : "cfgbak"
[    0.806291] 0x000001a00000-0x000002100000 : "kernel"
[    0.818026] 0x000002100000-0x000002180000 : "update"
[    0.823854] 0x000002180000-0x000007f80000 : "program"
[    0.914756] 0x000007f80000-0x000008000000 : "other"
[    0.920727] libphy: Fixed MDIO Bus: probed
[    0.924892] tun: Universal TUN/TAP device driver, 1.6
[    0.930185] stmmaceth 104c0000.ethernet: probe axera emac
[    0.935702] stmmaceth 104c0000.ethernet: phy-rst-gpio not configure
[    0.942002] stmmaceth 104c0000.ethernet: emac bus clock: 312MHz
[    0.947968] stmmaceth 104c0000.ethernet: emac phy clock: 25MHz
[    0.953846] stmmaceth 104c0000.ethernet: PTP rate: 50MHz
[    0.959188] stmmaceth 104c0000.ethernet: reset axera emac...
[    0.969869] stmmaceth 104c0000.ethernet: EMAC: select Inner RMII interface, value:0x00000000
[    0.978439] stmmaceth 104c0000.ethernet: User ID: 0x10, Synopsys ID: 0x52
[    0.985243] stmmaceth 104c0000.ethernet: 	DWMAC4/5
[    0.990047] stmmaceth 104c0000.ethernet: DMA HW capability register supported
[    0.997198] stmmaceth 104c0000.ethernet: RX Checksum Offload Engine supported
[    1.004343] stmmaceth 104c0000.ethernet: TX Checksum insertion supported
[    1.011055] stmmaceth 104c0000.ethernet: Wake-Up On Lan supported
[    1.017158] stmmaceth 104c0000.ethernet: TSO supported
[    1.022308] stmmaceth 104c0000.ethernet: Enable RX Mitigation via HW Watchdog Timer
[    1.029985] stmmaceth 104c0000.ethernet: Enabling HW TC (entries=256, max_off=256)
[    1.037568] stmmaceth 104c0000.ethernet: USO feature enabled
[    1.043237] stmmaceth 104c0000.ethernet: TSO feature enabled
[    1.048983] libphy: stmmac: probed
[    1.055325] PPP generic driver version 2.4.2
[    1.059749] PPP BSD Compression module registered
[    1.064472] PPP Deflate Compression module registered
[    1.069536] NET: Registered protocol family 24
[    1.074340] axera dwc3 soc:axera_dwc3: axera usb probe
[    1.079665] axera dwc3 soc:axera_dwc3: usb bus clock: 312MHz
[    1.085356] axera dwc3 soc:axera_dwc3: axera usb clk set succeed.
[    1.091485] axera dwc3 soc:axera_dwc3: axera usb reset succeed.
[    1.097680] dwc3 8000000.dwc3: probe later.
[    1.102328] usbcore: registered new interface driver cdc_acm
[    1.107999] cdc_acm: USB Abstract Control Model driver for USB modems and ISDN adapters
[    1.116158] usbcore: registered new interface driver uas
[    1.121516] usbcore: registered new interface driver usb-storage
[    1.127594] usbcore: registered new interface driver usbserial_generic
[    1.134147] usbserial: USB Serial support registered for generic
[    1.176111] rtc_axera 23e0000.rtc-top: rtc core: registered 23e0000.rtc-top as rtc0
[    1.183874] i2c /dev entries driver
[    1.188825] ax_wdt:ax_wdt_drv_probe:346: done!
[    1.189168] sdhci: Secure Digital Host Controller Interface driver
[    1.199834] sdhci: Copyright(c) Pierre Ossman
[    1.204226] sdhci-pltfm: SDHCI platform and OF driver helper
[    1.204315] sdhci-axera 104e0000.sdhc: axera sdhci probe
[    1.210557] usbcore: registered new interface driver usbhid
[    1.217514] get cd gpio failed
[    1.220799] usbhid: USB HID core driver
[    1.229547] dev->intr_type = 0
[    1.232638] dw_i2s_probe, hdmi_i2s: 0
[    1.236403] config pin_sd_misc to 0x300100
[    1.240525] dw_i2s_probe get irq is -6
[    1.244296] IIS get i2s_mclk: 12288000
[    1.248059] IIS get i2s_mclk: 12288000
[    1.251842] IIS probe OK
[    1.254432] dev->intr_type = 1
[    1.257498] dw_i2s_probe, hdmi_i2s: 0
[    1.261217] config pin_sd_misc to 0x300100
[    1.265331] dw_i2s_probe get irq is -6
[    1.269095] IIS get i2s_mclk: 12288000
[    1.272854] IIS get i2s_mclk: 12288000
[    1.276624] IIS probe OK
[    1.279511] ax_actt_probe
[    1.282185] designware-actt 23f2000.audio_codec: No cache used with register defaults set!
[    1.290570] oprofile: hardware counters not available
[    1.292280] mmc0: SDHCI controller on 104e0000.sdhc [104e0000.sdhc] using ADMA 64-bit
[    1.295643] oprofile: using timer interrupt.
[    1.303495] sdhci_cdns_read_phy_reg: phy lock successful
[    1.308390] NET: Registered protocol family 10
[    1.336358] Segment Routing with IPv6
[    1.340168] mip6: Mobile IPv6
[    1.343627] sit: IPv6, IPv4 and MPLS over IPv4 tunneling driver
[    1.350298] NET: Registered protocol family 17
[    1.354835] l2tp_core: L2TP core driver, V2.0
[    1.359213] l2tp_ppp: PPPoL2TP kernel driver, V2.0
[    1.364032] Key type dns_resolver registered
[    1.368482] Registering SWP/SWPB emulation handler
[    1.373288] chip type: AX620Q
[    1.376263] product init ok
[    1.379811] pstore: Using compression: deflate
[    1.385231] i2c_designware 4850000.i2c: running with gpio recovery mode! scl,sda
[    1.392810] i2c i2c-0: using pinctrl states for GPIO recovery
[    1.398965] i2c_designware 4851000.i2c: running with gpio recovery mode! scl,sda
[    1.406496] i2c i2c-1: using pinctrl states for GPIO recovery
[    1.412619] dwc3 8000000.dwc3: dr_mode is 3 (1-host 2-device 3-otg)
[    1.418926] dwc3 8000000.dwc3: EP NUM:16
[    1.423162] actt_component_probe
[    1.423162]  
[    1.423301] bengin actt_set_sysclk
[    1.428107] actt_set_sysclk, freq: 12288000
[    1.435702] actt_set_dai_fmt, fmt: 0x1001
[    1.439720] actt_set_dai_fmt, actt rx only support master fmt_mode: 0x1000
[    1.446602] actt in I2S Format
[    1.449665] dw_i2s_set_fmt, fmt: 0x1001
[    1.454055] asoc-simple-card sound: 23f2000.audio_codec <-> 6051000.i2s_slv mapping ok
[    1.461984] bengin actt_set_sysclk
[    1.461987] actt_set_sysclk, freq: 12288000
[    1.469585] actt_set_dai_fmt, fmt: 0x4001
[    1.473602] actt_set_dai_fmt, actt tx only support salve .fmt_mode: 0x4000
[    1.480484] actt in I2S Format
[    1.483547] dw_i2s_set_fmt, fmt: 0x4001
[    1.487904] asoc-simple-card sound: 23f2000.audio_codec <-> 6050000.i2s_mst mapping ok
[    1.496014] dwc3 8000000.dwc3: axera usb gadget init
[    1.512680] rtc_axera 23e0000.rtc-top: setting system clock to 1970-01-01 08:00:00 UTC (28800)
[    1.521724] OF: fdt: not creating '/sys/firmware/fdt': CRC check failed
[    1.528613] ALSA device list:
[    1.531584]   #0: Axera Audio
[    1.534723] ttyS0 - failed to request DMA
[    1.540663] Freeing unused kernel memory: 2516K
[    1.545204] This architecture does not have kernel memory protection.
[    1.551654] Run /init as init process
[RCS]: /etc/init.d/S11init
mount: mounting debugfs on /sys/kernel/debug failed: No such file or directory
[RCS]: /etc/init.d/S30ambrwfs
cp: can't stat '/root/*': No such file or directory
[    1.854485] ubi0: default fastmap pool size: 35
[    1.859237] ubi0: default fastmap WL pool size: 17
[    1.864044] ubi0: attaching mtd12
[    1.911215] random: fast init done
[    2.143534] ubi0: scanning is finished
[    2.152674] ubi0: attached mtd12 (name "program", size 94 MiB)
[    2.158551] ubi0: PEB size: 131072 bytes (128 KiB), LEB size: 126976 bytes
[    2.165444] ubi0: min./max. I/O unit sizes: 2048/2048, sub-page size 2048
[    2.172245] ubi0: VID header offset: 2048 (aligned 2048), data offset: 4096
[    2.179218] ubi0: good PEBs: 751, bad PEBs: 1, corrupted PEBs: 0
[    2.185234] ubi0: user volume: 1, internal volumes: 1, max. volumes count: 128
[    2.192471] ubi0: max/mean erase counter: 4/1, WL threshold: 4096, image sequence number: 1390195764
[    2.201613] ubi0: available PEBs: 0, total reserved PEBs: 751, PEBs reserved for bad PEB handling: 15
[    2.210859] ubi0: background thread "ubi_bgt0d" started, PID 169
UBI device number 0, total 751 LEBs (95358976 bytes, 90.9 MiB), available 0 LEBs (0 bytes), LEB size 126976 bytes (124.0 KiB)
u[    2.227291] UBIFS (ubi0:0): background thread "ubifs_bgt0_0" started, PID 176
bi0_0 exist.
create Directory:/program
df: /dev/pts: No such file or directory
    mount -t ubifs ubi0:program /program 
[    2.294468] UBIFS (ubi0:0): UBIFS: mounted UBI device 0, volume 0, name "program"
[    2.301979] UBIFS (ubi0:0): LEB size: 126976 bytes (124 KiB), min./max. I/O unit sizes: 2048 bytes/2048 bytes
[    2.311909] UBIFS (ubi0:0): FS size: 91295744 bytes (87 MiB, 719 LEBs), journal size 9023488 bytes (8 MiB, 72 LEBs)
[    2.322359] UBIFS (ubi0:0): reserved for root: 0 bytes (0 KiB)
[    2.328203] UBIFS (ubi0:0): media format: w4/r0 (latest is w5/r0), UUID 5AA93821-CE3B-42DF-8B4C-323281550D45, small LPT model
[    2.352546] ubi1: default fastmap pool size: 8
[    2.357006] ubi1: default fastmap WL pool size: 4
[    2.361741] ubi1: attaching mtd7
[    2.388112] ubi1: scanning is finished
[    2.399579] ubi1: attached mtd7 (name "config", size 8 MiB)
[    2.405193] ubi1: PEB size: 131072 bytes (128 KiB), LEB size: 126976 bytes
[    2.412103] ubi1: min./max. I/O unit sizes: 2048/2048, sub-page size 2048
[    2.418919] ubi1: VID header offset: 2048 (aligned 2048), data offset: 4096
[    2.425949] ubi1: good PEBs: 64, bad PEBs: 0, corrupted PEBs: 0
[    2.431891] ubi1: user volume: 1, internal volumes: 1, max. volumes count: 128
[    2.439139] ubi1: max/mean erase counter: 24/13, WL threshold: 4096, image sequence number: 3376025183
[    2.448490] ubi1: available PEBs: 0, total reserved PEBs: 64, PEBs reserved for bad PEB handling: 4
[    2.457558] ubi1: background thread "ubi_bgt1d" started, PID 186
UBI device number 1, total 64 LEBs (8126464 bytes, 7.7 MiB), available 0 LEBs (0 bytes), LEB size 126976 bytes (124.0 KiB)
ubi1[    2.474201] UBIFS (ubi1:0): background thread "ubifs_bgt1_0" started, PID 193
_0 exist.
create Directory:/config
df: /dev/pts: No such file or directory
    mount -t ubifs ubi1:config /config 
[    2.505759] UBIFS (ubi1:0): recovery needed
[    2.602060] UBIFS (ubi1:0): recovery completed
[    2.606566] UBIFS (ubi1:0): UBIFS: mounted UBI device 1, volume 0, name "config"
[    2.613979] UBIFS (ubi1:0): LEB size: 126976 bytes (124 KiB), min./max. I/O unit sizes: 2048 bytes/2048 bytes
[    2.623910] UBIFS (ubi1:0): FS size: 5586944 bytes (5 MiB, 44 LEBs), journal size 1015809 bytes (0 MiB, 6 LEBs)
[    2.634011] UBIFS (ubi1:0): reserved for root: 263884 bytes (257 KiB)
[    2.640464] UBIFS (ubi1:0): media format: w5/r0 (latest is w5/r0), UUID 6D0233DC-6B50-42EA-8560-1142E2371A7A, small LPT model
[    2.668775] ubi2: default fastmap pool size: 8
[    2.673310] ubi2: default fastmap WL pool size: 4
[    2.678061] ubi2: attaching mtd9
[    2.698711] ubi2: scanning is finished
[    2.712371] ubi2: attached mtd9 (name "cfgbak", size 6 MiB)
[    2.717994] ubi2: PEB size: 131072 bytes (128 KiB), LEB size: 126976 bytes
[    2.724882] ubi2: min./max. I/O unit sizes: 2048/2048, sub-page size 2048
[    2.731692] ubi2: VID header offset: 2048 (aligned 2048), data offset: 4096
[    2.738680] ubi2: good PEBs: 48, bad PEBs: 0, corrupted PEBs: 0
[    2.744612] ubi2: user volume: 1, internal volumes: 1, max. volumes count: 128
[    2.751857] ubi2: max/mean erase counter: 23/13, WL threshold: 4096, image sequence number: 1034400906
[    2.761186] ubi2: available PEBs: 0, total reserved PEBs: 48, PEBs reserved for bad PEB handling: 4
[    2.770254] ubi2: background thread "ubi_bgt2d" started, PID 203
UBI device number 2, total 48 LEBs (6094848 bytes, 5.8 MiB), available 0 LEBs (0 bytes), LEB size 126976 bytes (124.0 KiB)
ubi2[    2.786809] UBIFS (ubi2:0): background thread "ubifs_bgt2_0" started, PID 210
_0 exist.
create Directory:/cfgbak
df: /dev/pts: No such file or directory
    mount -t ubifs ubi2:cfgbak /cfgbak 
[    2.817300] UBIFS (ubi2:0): recovery needed
[    2.897894] UBIFS (ubi2:0): recovery completed
[    2.902375] UBIFS (ubi2:0): UBIFS: mounted UBI device 2, volume 0, name "cfgbak"
[    2.909784] UBIFS (ubi2:0): LEB size: 126976 bytes (124 KiB), min./max. I/O unit sizes: 2048 bytes/2048 bytes
[    2.919713] UBIFS (ubi2:0): FS size: 3555328 bytes (3 MiB, 28 LEBs), journal size 1015809 bytes (0 MiB, 6 LEBs)
[    2.929814] UBIFS (ubi2:0): reserved for root: 167926 bytes (163 KiB)
[    2.936267] UBIFS (ubi2:0): media format: w5/r0 (latest is w5/r0), UUID 53E3460B-080A-4FEE-AEE2-4B0AFEB51CC3, small LPT model
[    2.962389] ubi3: default fastmap pool size: 8
[    2.966849] ubi3: default fastmap WL pool size: 4
[    2.971619] ubi3: attaching mtd5
[    2.992244] ubi3: scanning is finished
[    3.001123] ubi3: attached mtd5 (name "calibration", size 6 MiB)
[    3.007243] ubi3: PEB size: 131072 bytes (128 KiB), LEB size: 126976 bytes
[    3.014155] ubi3: min./max. I/O unit sizes: 2048/2048, sub-page size 2048
[    3.020984] ubi3: VID header offset: 2048 (aligned 2048), data offset: 4096
[    3.027972] ubi3: good PEBs: 48, bad PEBs: 0, corrupted PEBs: 0
[    3.033903] ubi3: user volume: 1, internal volumes: 1, max. volumes count: 128
[    3.041148] ubi3: max/mean erase counter: 6/2, WL threshold: 4096, image sequence number: 3091558067
[    3.050304] ubi3: available PEBs: 0, total reserved PEBs: 48, PEBs reserved for bad PEB handling: 4
[    3.059384] ubi3: background thread "ubi_bgt3d" started, PID 220
UBI device number 3, total 48 LEBs (6094848 bytes, 5.8 MiB), available 0 LEBs (0 bytes), LEB size 126976 bytes (124.0 KiB)
ubi3[    3.073629] UBIFS (ubi3:0): background thread "ubifs_bgt3_0" started, PID 226
_0 exist.
    /calibration exists
df: /dev/pts: No such file or directory
    mount -t ubifs ubi3:calibration /calibration 
[    3.106430] UBIFS (ubi3:0): recovery needed
[    3.164063] UBIFS (ubi3:0): recovery completed
[    3.168545] UBIFS (ubi3:0): UBIFS: mounted UBI device 3, volume 0, name "calibration"
[    3.176387] UBIFS (ubi3:0): LEB size: 126976 bytes (124 KiB), min./max. I/O unit sizes: 2048 bytes/2048 bytes
[    3.186317] UBIFS (ubi3:0): FS size: 3555328 bytes (3 MiB, 28 LEBs), journal size 1015809 bytes (0 MiB, 6 LEBs)
[    3.196417] UBIFS (ubi3:0): reserved for root: 167926 bytes (163 KiB)
[    3.202873] UBIFS (ubi3:0): media format: w5/r0 (latest is w5/r0), UUID BF7BD558-BC9A-4D8D-B2C4-EE4F6925CECD, small LPT model
[    3.241697] UBIFS (ubi0:0): background thread "ubifs_bgt0_0" stops
[    6.177229] random: crng init done
verify signature fail, exit!
[    6.209969] UBIFS (ubi0:0): un-mount UBI device 0
can't run '/program/bin/init.sh': No such file or directory

root login: root
Password: 
login[242]: root login on 'ttyS0'

User@/root>ls  checkUser@/root>checksysready
sh: can't open '/program/bin/checksysready.sh': No such file or directory

User@/root>qu  exit
Bye bye!
^B
root login: [   D  € bE{V3N2C0N2C0 ÀV3N2C0N2C0RS

U-Boot 2020.04-00011-gddf6f040-dirty (Jun 17 2024 - 18:12:02 +0800), Build: jenkins-Compile_64ä½(10.188.40.119)-7385

U-Boot code: 5C000400 -> 5C095BEC  BSS: -> 5C0BD52C
Model: AXERA AX620E_Qnand Board
DRAM:  Monitor len: 000BD12C
Ram size: 10000000
Ram top: 50000000
TLB table from 4fff0000 to 4fff4000
Reserving 756k for U-Boot at: 4ff32000
Reserving 3584k for malloc() at: 4fbb2000
Reserving 96 Bytes for Board Info at: 4fbb1fa0
Reserving 216 Bytes for Global Data at: 4fbb1ec8
Reserving 14400 Bytes for FDT at: 4fbae688

RAM Configuration:
Bank #0: 40000000 
DRAM:  256 MiB
New Stack Pointer is: 4fbae660
Relocation Offset is: f3f31c00
Relocating to 4ff32000, new gd at 4fbb1ec8, sp at 4fbae660
WARNING: Caches not enabled
ax_adc_probe
No available THERMAL device
MMC:   mmc@1B40000: 0, mmc@104E0000: 1
NAND:  128 MiB
Loading Environment from NAND... *** Warning - bad CRC, using default environment

Loading Environment from SPI Flash... unrecognized JEDEC id bytes: ff, a1, e4
uclass_get_device: Invalid bus 0 (err=-2)
In:    serial
Out:   serial
Err:   serial
Current chip type: AX620Q_CHIP
Current board type: AX620Q_LP4_DEMO_V1_1
boot_reason:0x0
boot_mode->magic = 0x12345678
boot_mode->dl_channel = 0
boot_mode->storage_sel = 1
boot_mode->boot_type = 5
selecting mode MMC legacy (freq : 0 MHz)
Card did not respond to voltage select!
mmc_init: -95, time 24
no sd card
enter normal boot mode
boot_info_data.mode = 7
Net:   
Warning: ethernet@0x104C0000 (eth0) using random MAC address - 36:6d:f5:ff:f6:39
eth0: ethernet@0x104C0000  
boot_mode->magic = 0x12345678
boot_mode->dl_channel = 0
boot_mode->storage_sel = 1
boot_mode->boot_type = 5
module_get_macaddr_test
result is 1M(spl),512K(ddrinit),2048K(uboot),512K(env),6M(calibration),1M(cliinfo),8M(config),1M(runtime),6M(cfgbak),7M(kernel),512K(update),94M(program),-(other)
boot_mode->magic = 0x12345678
boot_mode->dl_channel = 0
boot_mode->storage_sel = 1
boot_mode->boot_type = 5
boot_mode->magic = 0x12345678
boot_mode->dl_channel = 0
boot_mode->storage_sel = 1
boot_mode->boot_type = 5
module_get_macaddr_test
result is 1M(spl),512K(ddrinit),2048K(uboot),512K(env),6M(calibration),1M(cliinfo),8M(config),1M(runtime),6M(cfgbak),7M(kernel),512K(update),94M(program),-(other)
boot_mode->magic = 0x12345678
boot_mode->dl_channel = 0
boot_mode->storage_sel = 1
boot_mode->boot_type = 5
Detected MACID:e4:f1:4c:77:66:ba
Detected ETH1 MACID:e4:f1:4c:77:66:ba
Press Ctrl+B to abort autoboot in 2 seconds
uboot # printenv
baudrate=115200
bootargs=mem=107M console=ttyS0,115200n8 loglevel=8 earlycon=uart8250,mmio32,0x4880000 board_id=0,boot_reason=0x0 root=/dev/axramdisk rw rootfstype=ext2 init=/linuxrc mtdparts=spi4.0:1M(spl),512K(ddrinit),2048K(uboot),512K(env),6M(calibration),1M(cliinfo),8M(config),1M(runtime),6M(cfgbak),7M(kernel),512K(update),94M(program),-(other)
bootcmd=axera_boot
bootdelay=2
bootfile=uImage
ethaddr=e4:f1:4c:77:66:ba
fdtcontroladdr=4fbae688
ipaddr=192.168.0.13
netmask=255.255.255.0
serverip=192.168.0.10
stderr=serial
stdin=serial
stdout=serial

Environment size: 555/524284 bytes
uboot # set env      env bootargs bootargs=mem=107M console=ttyS0,115200n8 loglevel=8 earlycon=uart8250,mmio32,0x4880000 board_id=0,boot_reason=0x0 root=/dev/axramdisk rw rootfstype=ext2 init=/linuxrc mtdparts=spi4.0:1M(spl),512K(ddrinit),2048K(uboot),512K(env),6M(calibration),1M(cliinfo),8M(config),1M(runtime),6M(cfgbak),7M(kernel),512K(update),94M(program),-(other)),512K(env),6M(calibration),1M(cliinfo),8M(config),1M(runtime),6M(cfgbak),7M(kernel),512K(update),94M(program),-(other)[),512K(env),6M(calibration),1M(cliinfo),8M(config),1M(runtime),6M(cfgbak),7M(kernel),512K(update),94M(program),-(other)1),512K(env),6M(calibration),1M(cliinfo),8M(config),1M(runtime),6M(cfgbak),7M(kernel),512K(update),94M(program),-(other);),512K(env),6M(calibration),1M(cliinfo),8M(config),1M(runtime),6M(cfgbak),7M(kernel),512K(update),94M(program),-(other)5),512K(env),6M(calibration),1M(cliinfo),8M(config),1M(runtime),6M(cfgbak),7M(kernel),512K(update),94M(program),-(other)D),512K(env),6M(calibration),1M(cliinfo),8M(config),1M(runtime),6M(cfgbak),7M(kernel),512K(update),94M(program),-(other)),512K(env),6M(calibration),1M(cliinfo),8M(config),1M(runtime),6M(cfgbak),7M(kernel),512K(update),94M(program),-(other) ),512K(env),6M(calibration),1M(cliinfo),8M(config),1M(runtime),6M(cfgbak),7M(kernel),512K(update),94M(program),-(other) ),512K(env),6M(calibration),1M(cliinfo),8M(config),1M(runtime),6M(cfgbak),7M(kernel),512K(update),94M(program),-(other) ),512K(env),6M(calibration),1M(cliinfo),8M(config),1M(runtime),6M(cfgbak),7M(kernel),512K(update),94M(program),-(other) ),512K(env),6M(calibration),1M(cliinfo),8M(config),1M(runtime),6M(cfgbak),7M(kernel),512K(update),94M(program),-(other) b),512K(env),6M(calibration),1M(cliinfo),8M(config),1M(runtime),6M(cfgbak),7M(kernel),512K(update),94M(program),-(other)),512K(env),6M(calibration),1M(cliinfo),8M(config),1M(runtime),6M(cfgbak),7M(kernel),512K(update),94M(program),-(other) o),512K(env),6M(calibration),1M(cliinfo),8M(config),1M(runtime),6M(cfgbak),7M(kernel),512K(update),94M(program),-(other)o),512K(env),6M(calibration),1M(cliinfo),8M(config),1M(runtime),6M(cfgbak),7M(kernel),512K(update),94M(program),-(other)t),512K(env),6M(calibration),1M(cliinfo),8M(config),1M(runtime),6M(cfgbak),7M(kernel),512K(update),94M(program),-(other)sarts=spi4.0:1M(spl),512K(ddrinit),2048K(ubootoot),512K(env),6M(calibration),1M(cliinfo),8M(config),1M(runtime),6M(cfgbak),7M(kernel),512K(update),94M(program),-(other)iarts=spi4.0:1M(spl),512K(ddrinit),2048K(ubootoot),512K(env),6M(calibration),1M(cliinfo),8M(config),1M(runtime),6M(cfgbak),7M(kernel),512K(update),94M(program),-(other)narts=spi4.0:1M(spl),512K(ddrinit),2048K(ubootoot),512K(env),6M(calibration),1M(cliinfo),8M(config),1M(runtime),6M(cfgbak),7M(kernel),512K(update),94M(program),-(other)garts=spi4.0:1M(spl),512K(ddrinit),2048K(ubootoot),512K(env),6M(calibration),1M(cliinfo),8M(config),1M(runtime),6M(cfgbak),7M(kernel),512K(update),94M(program),-(other)larts=spi4.0:1M(spl),512K(ddrinit),2048K(ubootoot),512K(env),6M(calibration),1M(cliinfo),8M(config),1M(runtime),6M(cfgbak),7M(kernel),512K(update),94M(program),-(other)earts=spi4.0:1M(spl),512K(ddrinit),2048K(ubootoot),512K(env),6M(calibration),1M(cliinfo),8M(config),1M(runtime),6M(cfgbak),7M(kernel),512K(update),94M(program),-(other) arts=spi4.0:1M(spl),512K(ddrinit),2048K(ubootoot),512K(env),6M(calibration),1M(cliinfo),8M(config),1M(runtime),6M(cfgbak),7M(kernel),512K(update),94M(program),-(other)<INTERRUPT>
uboot # <INTERRUPT>
uboot # <INTERRUPT>
uboot # <INTERRUPT>
uboot # printenv        setenv boot
  bootargs bootcmd bootdelay bootfile
uboot # setenv bootargs bootargs=mem=107M console=ttyS0,115200n8 loglevel=8 earlycon=uart8250,mmio32,0x4880000 board_id=0,boot_reason=0x0 root=/dev/axramdisk rw rootfstype=ext2 init=/linuxrc mtdparts=spi4.0:1M(spl),512K(ddrinit),2048K(uboot),512K(env),6M(calibration),1M(cliinfo),8M(config),1M(runtime),6M(cfgbak),7M(kernel),512K(update),94M(program),-(other)  mtdparts=spi4.0:1M(spl),512K(ddrinit),2048K(uboot),512K(env),6M(calibration),1M(cliinfo),8M(config),1M(runtime),6M(cfgbak),7M(kernel),512K(update),94M(program),-(other)s mtdparts=spi4.0:1M(spl),512K(ddrinit),2048K(uboot),512K(env),6M(calibration),1M(cliinfo),8M(config),1M(runtime),6M(cfgbak),7M(kernel),512K(update),94M(program),-(other)i mtdparts=spi4.0:1M(spl),512K(ddrinit),2048K(uboot),512K(env),6M(calibration),1M(cliinfo),8M(config),1M(runtime),6M(cfgbak),7M(kernel),512K(update),94M(program),-(other)n mtdparts=spi4.0:1M(spl),512K(ddrinit),2048K(uboot),512K(env),6M(calibration),1M(cliinfo),8M(config),1M(runtime),6M(cfgbak),7M(kernel),512K(update),94M(program),-(other)g mtdparts=spi4.0:1M(spl),512K(ddrinit),2048K(uboot),512K(env),6M(calibration),1M(cliinfo),8M(config),1M(runtime),6M(cfgbak),7M(kernel),512K(update),94M(program),-(other)l mtdparts=spi4.0:1M(spl),512K(ddrinit),2048K(uboot),512K(env),6M(calibration),1M(cliinfo),8M(config),1M(runtime),6M(cfgbak),7M(kernel),512K(update),94M(program),-(other)e mtdparts=spi4.0:1M(spl),512K(ddrinit),2048K(uboot),512K(env),6M(calibration),1M(cliinfo),8M(config),1M(runtime),6M(cfgbak),7M(kernel),512K(update),94M(program),-(other)
uboot # 
uboot # boot
ax_shutdown_ephy:0x410021d1
enter do_axera_boot
reading kernel image size 0x700000 from spi nand flash ...
bondopt secureboot bit is enable:1, key_bits:2048
CACHE: Misaligned operation at range [4fbad324, 4fbad4b0]
total kernel image size = 6151640
>>> * kernel image verify success! * <<< 
header_info.blk_num=17, isize=6151640, osize=8629099, tile_cnt=12, last_tile_size=474568
boot cmd is :bootm 0x4e000000#conf-1
## Loading kernel from FIT Image at 4e000000 ...
   Using 'conf-1' configuration
   Trying 'kernel' kernel subimage
     Description:  Axera Linux kernel
     Type:         Kernel Image
     Compression:  uncompressed
     Data Start:   0x4e0000e4
     Data Size:    8485640 Bytes = 8.1 MiB
     Architecture: ARM
     OS:           Linux
     Load Address: 0x40008000
     Entry Point:  0x40008000
   Verifying Hash Integrity ... OK
## Loading fdt from FIT Image at 4e000000 ...
   Using 'conf-1' configuration
   Trying 'fdt-1' fdt subimage
     Description:  Flattened Device Tree blob
     Type:         Flat Device Tree
     Compression:  uncompressed
     Data Start:   0x4e817c9c
     Data Size:    141709 Bytes = 138.4 KiB
     Architecture: ARM
     Load Address: 0x42008000
   Verifying Hash Integrity ... OK
   Loading fdt from 0x4e817c9c to 0x42008000
   Booting using the fdt blob at 0x42008000
   Loading Kernel Image
   Using Device Tree in place at 42008000, end 4202d98c
boot_mode->magic = 0x12345678
boot_mode->dl_channel = 0
boot_mode->storage_sel = 1
boot_mode->boot_type = 5
result is 1M(spl),512K(ddrinit),2048K(uboot),512K(env),6M(calibration),1M(cliinfo),8M(config),1M(runtime),6M(cfgbak),7M(kernel),512K(update),94M(program),-(other)
boot_mode->magic = 0x12345678
boot_mode->dl_channel = 0
boot_mode->storage_sel = 1
boot_mode->boot_type = 5

Starting kernel ...

[    0.000000] Booting Linux on physical CPU 0x0
[    0.000000] Linux version 4.19.125 (jenkins@root123) (gcc version 7.5.0 (Linaro GCC 7.5-2019.12)) #1 SMP PREEMPT Mon Jun 17 18:12:19 CST 2024
[    0.000000] CPU: ARMv7 Processor [410fd034] revision 4 (ARMv7), cr=50c5383d
[    0.000000] CPU: div instructions available: patching division code
[    0.000000] CPU: PIPT / VIPT nonaliasing data cache, VIPT aliasing instruction cache
[    0.000000] OF: fdt: Machine model: axera,ax620e
[    0.000000] ENC:0302C5TP;SEN:0302C4XQ;LENS:4801C0G2
[    0.000000] PROTOTYPE_NAME:IPC3624LE-ADF28K-WP
[    0.000000] chip type: 0x1
[    0.000000] memory total: 0x10000000, Media: 0x9000000
[    0.000000] earlycon: uart8250 at MMIO32 0x04880000 (options '')
[    0.000000] bootconsole [uart8250] enabled
[    0.000000] Memory policy: Data cache writealloc
[    0.000000] Ignoring RAM at 0x70000000-0x80000000
[    0.000000] Consider using a HIGHMEM enabled kernel.
[    0.000000] On node 0 totalpages: 196608
[    0.000000]   Normal zone: 1536 pages used for memmap
[    0.000000]   Normal zone: 0 pages reserved
[    0.000000]   Normal zone: 196608 pages, LIFO batch:63
[    0.000000] percpu: Embedded 18 pages/cpu s44236 r8192 d21300 u73728
[    0.000000] pcpu-alloc: s44236 r8192 d21300 u73728 alloc=18*4096
[    0.000000] pcpu-alloc: [0] 0 [0] 1 
[    0.000000] Built 1 zonelists, mobility grouping on.  Total pages: 195072
[    0.000000] Kernel command line: bootargs=mem=112M console=ttyS0,115200n8 loglevel=8 earlycon=uart8250,mmio32,0x4880000 board_id=0,boot_reason=0x0 root=/dev/axramdisk rw rootfstype=ext2 init=/linuxrc single mtdparts=spi4.0:1M(spl),512K(ddrinit),2048K(uboot),512K(env),6M(calibration),1M(cliinfo),8M(config),1M(runtime),6M(cfgbak),7M(kernel),512K(update),94M(program),-(other)
[    0.000000] Dentry cache hash table entries: 131072 (order: 7, 524288 bytes)
[    0.000000] Inode-cache hash table entries: 65536 (order: 6, 262144 bytes)
[    0.000000] Memory: 769980K/786432K available (3967K kernel code, 222K rwdata, 1384K rodata, 2516K init, 396K bss, 16452K reserved, 0K cma-reserved)
[    0.000000] Virtual kernel memory layout:
[    0.000000]     vector  : 0xffff0000 - 0xffff1000   (   4 kB)
[    0.000000]     fixmap  : 0xffc00000 - 0xfff00000   (3072 kB)
[    0.000000]     vmalloc : 0xf0800000 - 0xff800000   ( 240 MB)
[    0.000000]     lowmem  : 0xc0000000 - 0xf0000000   ( 768 MB)
[    0.000000]     modules : 0xbf800000 - 0xc0000000   (   8 MB)
[    0.000000]       .text : 0x(ptrval) - 0x(ptrval)   (3969 kB)
[    0.000000]       .init : 0x(ptrval) - 0x(ptrval)   (2516 kB)
[    0.000000]       .data : 0x(ptrval) - 0x(ptrval)   ( 223 kB)
[    0.000000]        .bss : 0x(ptrval) - 0x(ptrval)   ( 397 kB)
[    0.000000] SLUB: HWalign=64, Order=0-3, MinObjects=0, CPUs=2, Nodes=1
[    0.000000] rcu: Preemptible hierarchical RCU implementation.
[    0.000000] rcu: 	RCU event tracing is enabled.
[    0.000000] 	Tasks RCU enabled.
[    0.000000] NR_IRQS: 16, nr_irqs: 16, preallocated irqs: 16
[    0.000000] arch_timer: cp15 timer(s) running at 24.00MHz (phys).
[    0.000000] clocksource: arch_sys_counter: mask: 0xffffffffffffff max_cycles: 0x588fe9dc0, max_idle_ns: 440795202592 ns
[    0.000005] sched_clock: 56 bits at 24MHz, resolution 41ns, wraps every 4398046511097ns
[    0.008020] Switching to timer-based delay loop, resolution 41ns
[    0.016587] Console: colour dummy device 80x30
[    0.021064] Calibrating delay loop (skipped), value calculated using timer frequency.. 48.00 BogoMIPS (lpj=120000)
[    0.031436] pid_max: default: 32768 minimum: 301
[    0.036160] Mount-cache hash table entries: 2048 (order: 1, 8192 bytes)
[    0.042793] Mountpoint-cache hash table entries: 2048 (order: 1, 8192 bytes)
[    0.050253] CPU: Testing write buffer coherency: ok
[    0.055394] CPU0: thread -1, cpu 0, socket 0, mpidr 80000000
[    0.091157] Setting up static identity map for 0x40008240 - 0x40008278
[    0.107722] rcu: Hierarchical SRCU implementation.
[    0.127751] smp: Bringing up secondary CPUs ...
[    0.157969] CPU1: thread -1, cpu 1, socket 0, mpidr 80000001
[    0.158066] smp: Brought up 1 node, 2 CPUs
[    0.167855] SMP: Total of 2 processors activated (96.00 BogoMIPS).
[    0.174050] CPU: All CPU(s) started in SVC mode.
[    0.179354] devtmpfs: initialized
[    0.210237] random: get_random_u32 called from bucket_table_alloc+0x63/0x118 with crng_init=0
[    0.218977] VFP support v0.3: implementor 41 architecture 3 part 40 variant 3 rev 4
[    0.226845] clocksource: jiffies: mask: 0xffffffff max_cycles: 0xffffffff, max_idle_ns: 9556302231375000 ns
[    0.236615] futex hash table entries: 512 (order: 3, 32768 bytes)
[    0.242839] pinctrl core: initialized pinctrl subsystem
[    0.248328] NET: Registered protocol family 16
[    0.253090] DMA: preallocated 256 KiB pool for atomic coherent allocations
[    0.260844] ax_pin_init ret 0 index 7
[    0.266123] console [pstore-1] enabled
[    0.269879] pstore: Registered ramoops as persistent store backend
[    0.276078] ramoops: attached 0x8000@0x41000000, ecc: 0/0
[    0.294180] SCSI subsystem initialized
[    0.298095] usbcore: registered new interface driver usbfs
[    0.303643] usbcore: registered new interface driver hub
[    0.309017] usbcore: registered new device driver usb
[    0.314708] pps_core: LinuxPPS API ver. 1 registered
[    0.319698] pps_core: Software ver. 5.3.6 - Copyright 2005-2007 Rodolfo Giometti <giometti@linux.it>
[    0.328861] PTP clock support registered
[    0.333004] Advanced Linux Sound Architecture Driver Initialized.
[    0.340190] dma_per 48a0000.dma_per: Axera DMA Peripherals Controller, 16 channels
[    0.348208] dma:ax_dma_probe:1605: done
[    0.352433] clocksource: Switched to clocksource arch_sys_counter
[    0.363083] NET: Registered protocol family 2
[    0.367912] tcp_listen_portaddr_hash hash table entries: 512 (order: 0, 6144 bytes)
[    0.375621] TCP established hash table entries: 8192 (order: 3, 32768 bytes)
[    0.382754] TCP bind hash table entries: 8192 (order: 4, 65536 bytes)
[    0.389323] TCP: Hash tables configured (established 8192 bind 8192)
[    0.395755] UDP hash table entries: 512 (order: 2, 16384 bytes)
[    0.401719] UDP-Lite hash table entries: 512 (order: 2, 16384 bytes)
[    0.408198] NET: Registered protocol family 1
[    0.412864] RPC: Registered named UNIX socket transport module.
[    0.418810] RPC: Registered udp transport module.
[    0.423527] RPC: Registered tcp transport module.
[    0.428243] RPC: Registered tcp NFSv4.1 backchannel transport module.
[    0.543865] workingset: timestamp_bits=30 max_order=18 bucket_order=0
[    0.554439] axera_logctl_init: of_find_compatible_node 'axera,logctl' success!!!
[    0.554446] axera_logctl_init: of_find_compatible_node config: /etc/ax_syslog.conf
[    0.561913] axera_logctl_init: logstate:1 1 len:2
[    0.574240] axera_logctl_init: loglevel:4 4 len:2
[    0.579198] squashfs: version 4.0 (2009/01/31) Phillip Lougher
[    0.585506] NFS: Registering the id_resolver key type
[    0.590590] Key type id_resolver registered
[    0.594786] Key type id_legacy registered
[    0.598831] jffs2: version 2.2. (NAND) Â© 2001-2006 Red Hat, Inc.
[    0.607740] io scheduler noop registered (default)
[    0.612564] io scheduler mq-deadline registered
[    0.617101] io scheduler kyber registered
[    0.622342] axera-pinctrl 2300000.pinctrl: initialized pinctrl driver
[    0.632624] ax_os_mem_init
[    0.635411] [GZIP][D]: [     1][ax_gzipd_init : 730] enter ax_gzipd_init
[    0.642938] Serial: 8250/16550 driver, 5 ports, IRQ sharing disabled
[    0.650296] console [ttyS0] disabled
[    0.653941] 4880000.ax_uart: ttyS0 at MMIO 0x4880000 (irq = 20, base_baud = 13000000) is a 16550A
[    0.662865] console [ttyS0] enabled
[    0.662865] console [ttyS0] enabled
[    0.669849] bootconsole [uart8250] disabled
[    0.669849] bootconsole [uart8250] disabled
[    0.679430] null: module loaded
[    0.683099] ax_ramdisk_init:can't find ramdisk device tree node
[    0.690006] dw_spi_setup: rx_sample_dly_ns=0x6, chip->rx_sample_dly=0x3
[    0.696791] spi_master spi4: set clk_div=0x4, speed_hz=104000000, dws->max_freq=416000000
[    0.704990] spi_master spi4: set rx_sample_dly=0x3
[    0.709834] spi-nand spi4.0: FudanMicroelec SPI NAND was found.
[    0.715767] spi-nand spi4.0: 128 MiB, block size: 128 KiB, page size: 2048, OOB size: 64
[    0.724370] 13 cmdlinepart partitions found on MTD device spi4.0
[    0.730394] Creating 13 MTD partitions on "spi4.0":
[    0.735285] 0x000000000000-0x000000100000 : "spl"
[    0.741304] 0x000000100000-0x000000180000 : "ddrinit"
[    0.747180] 0x000000180000-0x000000380000 : "uboot"
[    0.754276] 0x000000380000-0x000000400000 : "env"
[    0.759806] 0x000000400000-0x000000a00000 : "calibration"
[    0.771044] 0x000000a00000-0x000000b00000 : "cliinfo"
[    0.777376] 0x000000b00000-0x000001300000 : "config"
[    0.789989] 0x000001300000-0x000001400000 : "runtime"
[    0.796323] 0x000001400000-0x000001a00000 : "cfgbak"
[    0.807122] 0x000001a00000-0x000002100000 : "kernel"
[    0.818856] 0x000002100000-0x000002180000 : "update"
[    0.824701] 0x000002180000-0x000007f80000 : "program"
[    0.915573] 0x000007f80000-0x000008000000 : "other"
[    0.921547] libphy: Fixed MDIO Bus: probed
[    0.925712] tun: Universal TUN/TAP device driver, 1.6
[    0.931006] stmmaceth 104c0000.ethernet: probe axera emac
[    0.936521] stmmaceth 104c0000.ethernet: phy-rst-gpio not configure
[    0.942828] stmmaceth 104c0000.ethernet: emac bus clock: 312MHz
[    0.948790] stmmaceth 104c0000.ethernet: emac phy clock: 25MHz
[    0.954669] stmmaceth 104c0000.ethernet: PTP rate: 50MHz
[    0.960011] stmmaceth 104c0000.ethernet: reset axera emac...
[    0.970692] stmmaceth 104c0000.ethernet: EMAC: select Inner RMII interface, value:0x00000000
[    0.979263] stmmaceth 104c0000.ethernet: User ID: 0x10, Synopsys ID: 0x52
[    0.986068] stmmaceth 104c0000.ethernet: 	DWMAC4/5
[    0.990872] stmmaceth 104c0000.ethernet: DMA HW capability register supported
[    0.998021] stmmaceth 104c0000.ethernet: RX Checksum Offload Engine supported
[    1.005166] stmmaceth 104c0000.ethernet: TX Checksum insertion supported
[    1.011877] stmmaceth 104c0000.ethernet: Wake-Up On Lan supported
[    1.017983] stmmaceth 104c0000.ethernet: TSO supported
[    1.023131] stmmaceth 104c0000.ethernet: Enable RX Mitigation via HW Watchdog Timer
[    1.030808] stmmaceth 104c0000.ethernet: Enabling HW TC (entries=256, max_off=256)
[    1.038390] stmmaceth 104c0000.ethernet: USO feature enabled
[    1.044060] stmmaceth 104c0000.ethernet: TSO feature enabled
[    1.049806] libphy: stmmac: probed
[    1.056177] PPP generic driver version 2.4.2
[    1.060599] PPP BSD Compression module registered
[    1.065322] PPP Deflate Compression module registered
[    1.070386] NET: Registered protocol family 24
[    1.075194] axera dwc3 soc:axera_dwc3: axera usb probe
[    1.080522] axera dwc3 soc:axera_dwc3: usb bus clock: 312MHz
[    1.086212] axera dwc3 soc:axera_dwc3: axera usb clk set succeed.
[    1.092340] axera dwc3 soc:axera_dwc3: axera usb reset succeed.
[    1.098532] dwc3 8000000.dwc3: probe later.
[    1.103175] usbcore: registered new interface driver cdc_acm
[    1.108846] cdc_acm: USB Abstract Control Model driver for USB modems and ISDN adapters
[    1.117000] usbcore: registered new interface driver uas
[    1.122356] usbcore: registered new interface driver usb-storage
[    1.128435] usbcore: registered new interface driver usbserial_generic
[    1.134989] usbserial: USB Serial support registered for generic
[    1.176945] rtc_axera 23e0000.rtc-top: rtc core: registered 23e0000.rtc-top as rtc0
[    1.184707] i2c /dev entries driver
[    1.189644] ax_wdt:ax_wdt_drv_probe:346: done!
[    1.189982] sdhci: Secure Digital Host Controller Interface driver
[    1.200647] sdhci: Copyright(c) Pierre Ossman
[    1.205044] sdhci-pltfm: SDHCI platform and OF driver helper
[    1.205133] sdhci-axera 104e0000.sdhc: axera sdhci probe
[    1.211365] usbcore: registered new interface driver usbhid
[    1.218331] get cd gpio failed
[    1.221616] usbhid: USB HID core driver
[    1.230350] dev->intr_type = 0
[    1.233440] dw_i2s_probe, hdmi_i2s: 0
[    1.237206] config pin_sd_misc to 0x300100
[    1.241330] dw_i2s_probe get irq is -6
[    1.245102] IIS get i2s_mclk: 12288000
[    1.248865] IIS get i2s_mclk: 12288000
[    1.252657] IIS probe OK
[    1.255238] dev->intr_type = 1
[    1.258303] dw_i2s_probe, hdmi_i2s: 0
[    1.262025] config pin_sd_misc to 0x300100
[    1.266139] dw_i2s_probe get irq is -6
[    1.269902] IIS get i2s_mclk: 12288000
[    1.273661] IIS get i2s_mclk: 12288000
[    1.277440] IIS probe OK
[    1.280313] ax_actt_probe
[    1.282998] designware-actt 23f2000.audio_codec: No cache used with register defaults set!
[    1.291373] oprofile: hardware counters not available
[    1.292517] mmc0: SDHCI controller on 104e0000.sdhc [104e0000.sdhc] using ADMA 64-bit
[    1.296444] oprofile: using timer interrupt.
[    1.304296] sdhci_cdns_read_phy_reg: phy lock successful
[    1.309191] NET: Registered protocol family 10
[    1.336631] Segment Routing with IPv6
[    1.340437] mip6: Mobile IPv6
[    1.343890] sit: IPv6, IPv4 and MPLS over IPv4 tunneling driver
[    1.350556] NET: Registered protocol family 17
[    1.355095] l2tp_core: L2TP core driver, V2.0
[    1.359474] l2tp_ppp: PPPoL2TP kernel driver, V2.0
[    1.364294] Key type dns_resolver registered
[    1.368759] Registering SWP/SWPB emulation handler
[    1.373565] chip type: AX620Q
[    1.376541] product init ok
[    1.380100] pstore: Using compression: deflate
[    1.385531] i2c_designware 4850000.i2c: running with gpio recovery mode! scl,sda
[    1.393112] i2c i2c-0: using pinctrl states for GPIO recovery
[    1.399264] i2c_designware 4851000.i2c: running with gpio recovery mode! scl,sda
[    1.406793] i2c i2c-1: using pinctrl states for GPIO recovery
[    1.412913] dwc3 8000000.dwc3: dr_mode is 3 (1-host 2-device 3-otg)
[    1.419219] dwc3 8000000.dwc3: EP NUM:16
[    1.423454] actt_component_probe
[    1.423454]  
[    1.423593] bengin actt_set_sysclk
[    1.428400] actt_set_sysclk, freq: 12288000
[    1.435995] actt_set_dai_fmt, fmt: 0x1001
[    1.440014] actt_set_dai_fmt, actt rx only support master fmt_mode: 0x1000
[    1.446896] actt in I2S Format
[    1.449959] dw_i2s_set_fmt, fmt: 0x1001
[    1.454350] asoc-simple-card sound: 23f2000.audio_codec <-> 6051000.i2s_slv mapping ok
[    1.462277] bengin actt_set_sysclk
[    1.462280] actt_set_sysclk, freq: 12288000
[    1.469878] actt_set_dai_fmt, fmt: 0x4001
[    1.473895] actt_set_dai_fmt, actt tx only support salve .fmt_mode: 0x4000
[    1.480777] actt in I2S Format
[    1.483838] dw_i2s_set_fmt, fmt: 0x4001
[    1.488192] asoc-simple-card sound: 23f2000.audio_codec <-> 6050000.i2s_mst mapping ok
[    1.496301] dwc3 8000000.dwc3: axera usb gadget init
[    1.512962] rtc_axera 23e0000.rtc-top: setting system clock to 1970-01-01 08:00:00 UTC (28800)
[    1.522005] OF: fdt: not creating '/sys/firmware/fdt': CRC check failed
[    1.528894] ALSA device list:
[    1.531864]   #0: Axera Audio
[    1.535003] ttyS0 - failed to request DMA
[    1.540871] Freeing unused kernel memory: 2516K
[    1.545413] This architecture does not have kernel memory protection.
[    1.551862] Run /init as init process
root@(none):~# cd ..
root@(none):~# ls
[1;34mbin[m          [1;34mhome[m         [1;36mlinuxrc[m      [1;34mroot[m         [1;34musr[m
[1;34mcalibration[m  [1;36minit[m         [1;34mmnt[m          [1;34msbin[m         [1;34mvar[m
[1;34mdev[m          [1;34mlib[m          [1;36mopt[m          [1;34msys[m          [1;36mwww[m
[1;34metc[m          [1;36mlib64[m        [1;34mproc[m         [1;34mtmp[m
root@(none):~# cd i[Jeroot@(none):~# cd etc/[J
root@(none):/etc# ls
[1;32mKERNEL_VERSION[m         [1;34minit.d[m                 [1;32mprofile[m
[0;0max_syslog.conf[m         [1;32minittab[m                [1;32msd_card_add_remove.sh[m
[1;32mfstab[m                  [1;32mmdev.conf[m              [1;32mshells[m
[1;32mgroup[m                  [1;32mpasswd[m
[1;32mhostname[m               [1;32mpasswd-[m
root@(none):/etc# cd pr[J[Jini[   21.160596] random: fast init done
root@(none):/etc# cd init.d/[J
root@(none):/etc/init.d# ls
[1;32mS11init[m     [1;32mS30ambrwfs[m  [1;32mS80network[m  [1;32maxklogd[m     [1;32maxsyslogd[m   [1;32mrcS[m
root@(none):/etc/init.d# cd S30ambr[J[J[J[J[J[J[J[J[J[Jvi 2[JS30root@(none):/etc/init.d# vi S30ambrwfs [J
