V3N2C0N2C0RS

U-Boot 2020.04-00011-gddf6f040-dirty (Jun 17 2024 - 18:12:02 +0800), Build: jenkins-Compile_64ä(10.188.40.119)-7385

U-Boot code: 5C000400 -> 5C095BEC  BSS: -> 5C0BD52C
Model: AXERA AX620E_Qnand Board
DRAM:  Monitor len: 000BD12C
Ram size: 10000000
Ram top: 50000000
TLB table from 4fff0000 to 4fff4000
Reserving 756k for U-Boot at: 4ff32000
Reserving 3584k for malloc() at: 4fbb2000
Reserving 96 Bytes for Board Info at: 4fbb1fa0
Reserving 216 Bytes for Global Data at: 4fbb1ec8
Reserving 14400 Bytes for FDT at: 4fbae688

RAM Configuration:
Bank #0: 40000000 
DRAM:  256 MiB
New Stack Pointer is: 4fbae660
Relocation Offset is: f3f31c00
Relocating to 4ff32000, new gd at 4fbb1ec8, sp at 4fbae660
WARNING: Caches not enabled
ax_adc_probe
No available THERMAL device
MMC:   mmc@1B40000: 0, mmc@104E0000: 1
NAND:  128 MiB
Loading Environment from NAND... *** Warning - bad CRC, using default environment

Loading Environment from SPI Flash... unrecognized JEDEC id bytes: ff, a1, e4
uclass_get_device: Invalid bus 0 (err=-2)
In:    serial
Out:   serial
Err:   serial
Current chip type: AX620Q_CHIP
Current board type: AX620Q_LP4_DEMO_V1_1
boot_reason:0x0
boot_mode->magic = 0x12345678
boot_mode->dl_channel = 0
boot_mode->storage_sel = 1
boot_mode->boot_type = 5
selecting mode MMC legacy (freq : 0 MHz)
Card did not respond to voltage select!
mmc_init: -95, time 25
no sd card
enter normal boot mode
boot_info_data.mode = 7
Net:   
Warning: ethernet@0x104C0000 (eth0) using random MAC address - c6:ba:db:83:48:6a
eth0: ethernet@0x104C0000  
boot_mode->magic = 0x12345678
boot_mode->dl_channel = 0
boot_mode->storage_sel = 1
boot_mode->boot_type = 5
module_get_macaddr_test
result is 1M(spl),512K(ddrinit),2048K(uboot),512K(env),6M(calibration),1M(cliinfo),8M(config),1M(runtime),6M(cfgbak),7M(kernel),512K(update),94M(program),-(other)
boot_mode->magic = 0x12345678
boot_mode->dl_channel = 0
boot_mode->storage_sel = 1
boot_mode->boot_type = 5
boot_mode->magic = 0x12345678
boot_mode->dl_channel = 0
boot_mode->storage_sel = 1
boot_mode->boot_type = 5
module_get_macaddr_test
result is 1M(spl),512K(ddrinit),2048K(uboot),512K(env),6M(calibration),1M(cliinfo),8M(config),1M(runtime),6M(cfgbak),7M(kernel),512K(update),94M(program),-(other)
boot_mode->magic = 0x12345678
boot_mode->dl_channel = 0
boot_mode->storage_sel = 1
boot_mode->boot_type = 5
Detected MACID:e4:f1:4c:77:66:ba
Detected ETH1 MACID:e4:f1:4c:77:66:ba
Press Ctrl+B to abort autoboot in 2 seconds
boot_mode->magic = 0x12345678
boot_mode->dl_channel = 0
boot_mode->storage_sel = 1
boot_mode->boot_type = 5
result is 1M(spl),512K(ddrinit),2048K(uboot),512K(env),6M(calibration),1M(cliinfo),8M(config),1M(runtime),6M(cfgbak),7M(kernel),512K(update),94M(program),-(other)
boot_mode->magic = 0x12345678
boot_mode->dl_channel = 0
boot_mode->storage_sel = 1
boot_mode->boot_type = 5
ax_shutdown_ephy:0x410021d1
enter do_axera_boot
reading kernel image size 0x700000 from spi nand flash ...
bondopt secureboot bit is enable:1, key_bits:2048
CACHE: Misaligned operation at range [4fbadb4c, 4fbadcd8]
total kernel image size = 6151640
>>> * kernel image verify success! * <<< 
header_info.blk_num=17, isize=6151640, osize=8629099, tile_cnt=12, last_tile_size=474568
boot cmd is :bootm 0x4e000000#conf-1
## Loading kernel from FIT Image at 4e000000 ...
   Using 'conf-1' configuration
   Trying 'kernel' kernel subimage
     Description:  Axera Linux kernel
     Type:         Kernel Image
     Compression:  uncompressed
     Data Start:   0x4e0000e4
     Data Size:    8485640 Bytes = 8.1 MiB
     Architecture: ARM
     OS:           Linux
     Load Address: 0x40008000
     Entry Point:  0x40008000
   Verifying Hash Integrity ... OK
## Loading fdt from FIT Image at 4e000000 ...
   Using 'conf-1' configuration
   Trying 'fdt-1' fdt subimage
     Description:  Flattened Device Tree blob
     Type:         Flat Device Tree
     Compression:  uncompressed
     Data Start:   0x4e817c9c
     Data Size:    141709 Bytes = 138.4 KiB
     Architecture: ARM
     Load Address: 0x42008000
   Verifying Hash Integrity ... OK
   Loading fdt from 0x4e817c9c to 0x42008000
   Booting using the fdt blob at 0x42008000
   Loading Kernel Image
   Using Device Tree in place at 42008000, end 4202d98c
boot_mode->magic = 0x12345678
boot_mode->dl_channel = 0
boot_mode->storage_sel = 1
boot_mode->boot_type = 5
result is 1M(spl),512K(ddrinit),2048K(uboot),512K(env),6M(calibration),1M(cliinfo),8M(config),1M(runtime),6M(cfgbak),7M(kernel),512K(update),94M(program),-(other)
boot_mode->magic = 0x12345678
boot_mode->dl_channel = 0
boot_mode->storage_sel = 1
boot_mode->boot_type = 5

Starting kernel ...

[    0.000000] Booting Linux on physical CPU 0x0
[    0.000000] Linux version 4.19.125 (jenkins@root123) (gcc version 7.5.0 (Linaro GCC 7.5-2019.12)) #1 SMP PREEMPT Mon Jun 17 18:12:19 CST 2024
[    0.000000] CPU: ARMv7 Processor [410fd034] revision 4 (ARMv7), cr=50c5383d
[    0.000000] CPU: div instructions available: patching division code
[    0.000000] CPU: PIPT / VIPT nonaliasing data cache, VIPT aliasing instruction cache
[    0.000000] OF: fdt: Machine model: axera,ax620e
[    0.000000] ENC:0302C5TP;SEN:0302C4XQ;LENS:4801C0G2
[    0.000000] PROTOTYPE_NAME:IPC3624LE-ADF28K-WP
[    0.000000] chip type: 0x1
[    0.000000] memory total: 0x10000000, Media: 0x9000000
[    0.000000] earlycon: uart8250 at MMIO32 0x04880000 (options '')
[    0.000000] bootconsole [uart8250] enabled
[    0.000000] Memory policy: Data cache writealloc
[    0.000000] On node 0 totalpages: 28672
[    0.000000]   Normal zone: 224 pages used for memmap
[    0.000000]   Normal zone: 0 pages reserved
[    0.000000]   Normal zone: 28672 pages, LIFO batch:7
[    0.000000] percpu: Embedded 18 pages/cpu s44236 r8192 d21300 u73728
[    0.000000] pcpu-alloc: s44236 r8192 d21300 u73728 alloc=18*4096
[    0.000000] pcpu-alloc: [0] 0 [0] 1 
[    0.000000] Built 1 zonelists, mobility grouping on.  Total pages: 28448
[    0.000000] Kernel command line: mem=112M console=ttyS0,115200n8 loglevel=8 earlycon=uart8250,mmio32,0x4880000 board_id=0,boot_reason=0x0 root=/dev/axramdisk rw rootfstype=ext2 init=/linuxrc mtdparts=spi4.0:1M(spl),512K(ddrinit),2048K(uboot),512K(env),6M(calibration),1M(cliinfo),8M(config),1M(runtime),6M(cfgbak),7M(kernel),512K(update),94M(program),-(other)
[    0.000000] Dentry cache hash table entries: 16384 (order: 4, 65536 bytes)
[    0.000000] Inode-cache hash table entries: 8192 (order: 3, 32768 bytes)
[    0.000000] Memory: 104156K/114688K available (3967K kernel code, 222K rwdata, 1384K rodata, 2516K init, 396K bss, 10532K reserved, 0K cma-reserved)
[    0.000000] Virtual kernel memory layout:
[    0.000000]     vector  : 0xffff0000 - 0xffff1000   (   4 kB)
[    0.000000]     fixmap  : 0xffc00000 - 0xfff00000   (3072 kB)
[    0.000000]     vmalloc : 0xc7800000 - 0xff800000   ( 896 MB)
[    0.000000]     lowmem  : 0xc0000000 - 0xc7000000   ( 112 MB)
[    0.000000]     modules : 0xbf800000 - 0xc0000000   (   8 MB)
[    0.000000]       .text : 0x(ptrval) - 0x(ptrval)   (3969 kB)
[    0.000000]       .init : 0x(ptrval) - 0x(ptrval)   (2516 kB)
[    0.000000]       .data : 0x(ptrval) - 0x(ptrval)   ( 223 kB)
[    0.000000]        .bss : 0x(ptrval) - 0x(ptrval)   ( 397 kB)
[    0.000000] SLUB: HWalign=64, Order=0-3, MinObjects=0, CPUs=2, Nodes=1
[    0.000000] rcu: Preemptible hierarchical RCU implementation.
[    0.000000] rcu: 	RCU event tracing is enabled.
[    0.000000] 	Tasks RCU enabled.
[    0.000000] NR_IRQS: 16, nr_irqs: 16, preallocated irqs: 16
[    0.000000] arch_timer: cp15 timer(s) running at 24.00MHz (phys).
[    0.000000] clocksource: arch_sys_counter: mask: 0xffffffffffffff max_cycles: 0x588fe9dc0, max_idle_ns: 440795202592 ns
[    0.000005] sched_clock: 56 bits at 24MHz, resolution 41ns, wraps every 4398046511097ns
[    0.008020] Switching to timer-based delay loop, resolution 41ns
[    0.016599] Console: colour dummy device 80x30
[    0.021076] Calibrating delay loop (skipped), value calculated using timer frequency.. 48.00 BogoMIPS (lpj=120000)
[    0.031448] pid_max: default: 32768 minimum: 301
[    0.036164] Mount-cache hash table entries: 1024 (order: 0, 4096 bytes)
[    0.042795] Mountpoint-cache hash table entries: 1024 (order: 0, 4096 bytes)
[    0.050248] CPU: Testing write buffer coherency: ok
[    0.055388] CPU0: thread -1, cpu 0, socket 0, mpidr 80000000
[    0.091148] Setting up static identity map for 0x40008240 - 0x40008278
[    0.107714] rcu: Hierarchical SRCU implementation.
[    0.127743] smp: Bringing up secondary CPUs ...
[    0.157964] CPU1: thread -1, cpu 1, socket 0, mpidr 80000001
[    0.158061] smp: Brought up 1 node, 2 CPUs
[    0.167851] SMP: Total of 2 processors activated (96.00 BogoMIPS).
[    0.174045] CPU: All CPU(s) started in SVC mode.
[    0.179247] devtmpfs: initialized
[    0.210118] random: get_random_u32 called from bucket_table_alloc+0x63/0x118 with crng_init=0
[    0.218840] VFP support v0.3: implementor 41 architecture 3 part 40 variant 3 rev 4
[    0.226688] clocksource: jiffies: mask: 0xffffffff max_cycles: 0xffffffff, max_idle_ns: 9556302231375000 ns
[    0.236456] futex hash table entries: 512 (order: 3, 32768 bytes)
[    0.242680] pinctrl core: initialized pinctrl subsystem
[    0.248170] NET: Registered protocol family 16
[    0.252907] DMA: preallocated 256 KiB pool for atomic coherent allocations
[    0.260652] ax_pin_init ret 0 index 7
[    0.265874] console [pstore-1] enabled
[    0.269630] pstore: Registered ramoops as persistent store backend
[    0.275831] ramoops: attached 0x8000@0x41000000, ecc: 0/0
[    0.293918] SCSI subsystem initialized
[    0.297831] usbcore: registered new interface driver usbfs
[    0.303380] usbcore: registered new interface driver hub
[    0.308755] usbcore: registered new device driver usb
[    0.314448] pps_core: LinuxPPS API ver. 1 registered
[    0.319437] pps_core: Software ver. 5.3.6 - Copyright 2005-2007 Rodolfo Giometti <giometti@linux.it>
[    0.328599] PTP clock support registered
[    0.332739] Advanced Linux Sound Architecture Driver Initialized.
[    0.339933] dma_per 48a0000.dma_per: Axera DMA Peripherals Controller, 16 channels
[    0.347941] dma:ax_dma_probe:1605: done
[    0.352150] clocksource: Switched to clocksource arch_sys_counter
[    0.362803] NET: Registered protocol family 2
[    0.367636] tcp_listen_portaddr_hash hash table entries: 512 (order: 0, 6144 bytes)
[    0.375340] TCP established hash table entries: 1024 (order: 0, 4096 bytes)
[    0.382336] TCP bind hash table entries: 1024 (order: 1, 8192 bytes)
[    0.388723] TCP: Hash tables configured (established 1024 bind 1024)
[    0.395147] UDP hash table entries: 256 (order: 1, 8192 bytes)
[    0.401013] UDP-Lite hash table entries: 256 (order: 1, 8192 bytes)
[    0.407392] NET: Registered protocol family 1
[    0.412047] RPC: Registered named UNIX socket transport module.
[    0.417994] RPC: Registered udp transport module.
[    0.422711] RPC: Registered tcp transport module.
[    0.427427] RPC: Registered tcp NFSv4.1 backchannel transport module.
[    0.543106] workingset: timestamp_bits=30 max_order=15 bucket_order=0
[    0.553702] axera_logctl_init: of_find_compatible_node 'axera,logctl' success!!!
[    0.553708] axera_logctl_init: of_find_compatible_node config: /etc/ax_syslog.conf
[    0.561172] axera_logctl_init: logstate:1 1 len:2
[    0.573488] axera_logctl_init: loglevel:4 4 len:2
[    0.578438] squashfs: version 4.0 (2009/01/31) Phillip Lougher
[    0.584757] NFS: Registering the id_resolver key type
[    0.589850] Key type id_resolver registered
[    0.594047] Key type id_legacy registered
[    0.598091] jffs2: version 2.2. (NAND) Â 2001-2006 Red Hat, Inc.
[    0.606946] io scheduler noop registered (default)
[    0.611783] io scheduler mq-deadline registered
[    0.616333] io scheduler kyber registered
[    0.621567] axera-pinctrl 2300000.pinctrl: initialized pinctrl driver
[    0.631806] ax_os_mem_init
[    0.634631] [GZIP][D]: [     1][ax_gzipd_init : 730] enter ax_gzipd_init
[    0.642126] Serial: 8250/16550 driver, 5 ports, IRQ sharing disabled
[    0.649504] console [ttyS0] disabled
[    0.653149] 4880000.ax_uart: ttyS0 at MMIO 0x4880000 (irq = 20, base_baud = 13000000) is a 16550A
[    0.662069] console [ttyS0] enabled
[    0.662069] console [ttyS0] enabled
[    0.669056] bootconsole [uart8250] disabled
[    0.669056] bootconsole [uart8250] disabled
[    0.678638] null: module loaded
[    0.682339] ax_ramdisk_init:can't find ramdisk device tree node
[    0.689225] dw_spi_setup: rx_sample_dly_ns=0x6, chip->rx_sample_dly=0x3
[    0.696003] spi_master spi4: set clk_div=0x4, speed_hz=104000000, dws->max_freq=416000000
[    0.704202] spi_master spi4: set rx_sample_dly=0x3
[    0.709047] spi-nand spi4.0: FudanMicroelec SPI NAND was found.
[    0.714981] spi-nand spi4.0: 128 MiB, block size: 128 KiB, page size: 2048, OOB size: 64
[    0.723586] 13 cmdlinepart partitions found on MTD device spi4.0
[    0.729610] Creating 13 MTD partitions on "spi4.0":
[    0.734501] 0x000000000000-0x000000100000 : "spl"
[    0.740521] 0x000000100000-0x000000180000 : "ddrinit"
[    0.746395] 0x000000180000-0x000000380000 : "uboot"
[    0.753483] 0x000000380000-0x000000400000 : "env"
[    0.759018] 0x000000400000-0x000000a00000 : "calibration"
[    0.770277] 0x000000a00000-0x000000b00000 : "cliinfo"
[    0.776609] 0x000000b00000-0x000001300000 : "config"
[    0.789248] 0x000001300000-0x000001400000 : "runtime"
[    0.795590] 0x000001400000-0x000001a00000 : "cfgbak"
[    0.806402] 0x000001a00000-0x000002100000 : "kernel"
[    0.818137] 0x000002100000-0x000002180000 : "update"
[    0.823966] 0x000002180000-0x000007f80000 : "program"
[    0.914949] 0x000007f80000-0x000008000000 : "other"
[    0.920934] libphy: Fixed MDIO Bus: probed
[    0.925099] tun: Universal TUN/TAP device driver, 1.6
[    0.930395] stmmaceth 104c0000.ethernet: probe axera emac
[    0.935913] stmmaceth 104c0000.ethernet: phy-rst-gpio not configure
[    0.942216] stmmaceth 104c0000.ethernet: emac bus clock: 312MHz
[    0.948178] stmmaceth 104c0000.ethernet: emac phy clock: 25MHz
[    0.954057] stmmaceth 104c0000.ethernet: PTP rate: 50MHz
[    0.959399] stmmaceth 104c0000.ethernet: reset axera emac...
[    0.970082] stmmaceth 104c0000.ethernet: EMAC: select Inner RMII interface, value:0x00000000
[    0.978653] stmmaceth 104c0000.ethernet: User ID: 0x10, Synopsys ID: 0x52
[    0.985458] stmmaceth 104c0000.ethernet: 	DWMAC4/5
[    0.990261] stmmaceth 104c0000.ethernet: DMA HW capability register supported
[    0.997413] stmmaceth 104c0000.ethernet: RX Checksum Offload Engine supported
[    1.004558] stmmaceth 104c0000.ethernet: TX Checksum insertion supported
[    1.011269] stmmaceth 104c0000.ethernet: Wake-Up On Lan supported
[    1.017375] stmmaceth 104c0000.ethernet: TSO supported
[    1.022524] stmmaceth 104c0000.ethernet: Enable RX Mitigation via HW Watchdog Timer
[    1.030200] stmmaceth 104c0000.ethernet: Enabling HW TC (entries=256, max_off=256)
[    1.037783] stmmaceth 104c0000.ethernet: USO feature enabled
[    1.043452] stmmaceth 104c0000.ethernet: TSO feature enabled
[    1.049201] libphy: stmmac: probed
[    1.055584] PPP generic driver version 2.4.2
[    1.060009] PPP BSD Compression module registered
[    1.064731] PPP Deflate Compression module registered
[    1.069795] NET: Registered protocol family 24
[    1.074601] axera dwc3 soc:axera_dwc3: axera usb probe
[    1.079926] axera dwc3 soc:axera_dwc3: usb bus clock: 312MHz
[    1.085617] axera dwc3 soc:axera_dwc3: axera usb clk set succeed.
[    1.091745] axera dwc3 soc:axera_dwc3: axera usb reset succeed.
[    1.097937] dwc3 8000000.dwc3: probe later.
[    1.102587] usbcore: registered new interface driver cdc_acm
[    1.108257] cdc_acm: USB Abstract Control Model driver for USB modems and ISDN adapters
[    1.116419] usbcore: registered new interface driver uas
[    1.121778] usbcore: registered new interface driver usb-storage
[    1.127862] usbcore: registered new interface driver usbserial_generic
[    1.134416] usbserial: USB Serial support registered for generic
[    1.176377] rtc_axera 23e0000.rtc-top: rtc core: registered 23e0000.rtc-top as rtc0
[    1.184142] i2c /dev entries driver
[    1.189095] ax_wdt:ax_wdt_drv_probe:346: done!
[    1.189436] sdhci: Secure Digital Host Controller Interface driver
[    1.200100] sdhci: Copyright(c) Pierre Ossman
[    1.204491] sdhci-pltfm: SDHCI platform and OF driver helper
[    1.204580] sdhci-axera 104e0000.sdhc: axera sdhci probe
[    1.210824] usbcore: registered new interface driver usbhid
[    1.217776] get cd gpio failed
[    1.221063] usbhid: USB HID core driver
[    1.229799] dev->intr_type = 0
[    1.232892] dw_i2s_probe, hdmi_i2s: 0
[    1.236657] config pin_sd_misc to 0x300100
[    1.240781] dw_i2s_probe get irq is -6
[    1.244555] IIS get i2s_mclk: 12288000
[    1.248317] IIS get i2s_mclk: 12288000
[    1.252102] IIS probe OK
[    1.254693] dev->intr_type = 1
[    1.257762] dw_i2s_probe, hdmi_i2s: 0
[    1.261483] config pin_sd_misc to 0x300100
[    1.265596] dw_i2s_probe get irq is -6
[    1.269360] IIS get i2s_mclk: 12288000
[    1.273119] IIS get i2s_mclk: 12288000
[    1.276890] IIS probe OK
[    1.279778] ax_actt_probe
[    1.282464] designware-actt 23f2000.audio_codec: No cache used with register defaults set!
[    1.290838] oprofile: hardware counters not available
[    1.292235] mmc0: SDHCI controller on 104e0000.sdhc [104e0000.sdhc] using ADMA 64-bit
[    1.295910] oprofile: using timer interrupt.
[    1.303764] sdhci_cdns_read_phy_reg: phy lock successful
[    1.308661] NET: Registered protocol family 10
[    1.336295] Segment Routing with IPv6
[    1.340103] mip6: Mobile IPv6
[    1.343562] sit: IPv6, IPv4 and MPLS over IPv4 tunneling driver
[    1.350230] NET: Registered protocol family 17
[    1.354769] l2tp_core: L2TP core driver, V2.0
[    1.359149] l2tp_ppp: PPPoL2TP kernel driver, V2.0
[    1.363969] Key type dns_resolver registered
[    1.368418] Registering SWP/SWPB emulation handler
[    1.373223] chip type: AX620Q
[    1.376200] product init ok
[    1.379743] pstore: Using compression: deflate
[    1.385163] i2c_designware 4850000.i2c: running with gpio recovery mode! scl,sda
[    1.392739] i2c i2c-0: using pinctrl states for GPIO recovery
[    1.398895] i2c_designware 4851000.i2c: running with gpio recovery mode! scl,sda
[    1.406425] i2c i2c-1: using pinctrl states for GPIO recovery
[    1.412541] dwc3 8000000.dwc3: dr_mode is 3 (1-host 2-device 3-otg)
[    1.418847] dwc3 8000000.dwc3: EP NUM:16
[    1.423087] actt_component_probe
[    1.423087]  
[    1.423224] bengin actt_set_sysclk
[    1.428031] actt_set_sysclk, freq: 12288000
[    1.435623] actt_set_dai_fmt, fmt: 0x1001
[    1.439642] actt_set_dai_fmt, actt rx only support master fmt_mode: 0x1000
[    1.446525] actt in I2S Format
[    1.449588] dw_i2s_set_fmt, fmt: 0x1001
[    1.453977] asoc-simple-card sound: 23f2000.audio_codec <-> 6051000.i2s_slv mapping ok
[    1.461905] bengin actt_set_sysclk
[    1.461908] actt_set_sysclk, freq: 12288000
[    1.469506] actt_set_dai_fmt, fmt: 0x4001
[    1.473523] actt_set_dai_fmt, actt tx only support salve .fmt_mode: 0x4000
[    1.480405] actt in I2S Format
[    1.483467] dw_i2s_set_fmt, fmt: 0x4001
[    1.487823] asoc-simple-card sound: 23f2000.audio_codec <-> 6050000.i2s_mst mapping ok
[    1.495937] dwc3 8000000.dwc3: axera usb gadget init
[    1.512604] rtc_axera 23e0000.rtc-top: setting system clock to 1970-01-01 08:00:00 UTC (28800)
[    1.521645] OF: fdt: not creating '/sys/firmware/fdt': CRC check failed
[    1.528533] ALSA device list:
[    1.531504]   #0: Axera Audio
[    1.534644] ttyS0 - failed to request DMA
[    1.540591] Freeing unused kernel memory: 2516K
[    1.545132] This architecture does not have kernel memory protection.
[    1.551582] Run /init as init process
[RCS]: /etc/init.d/S11init
mount: mounting debugfs on /sys/kernel/debug failed: No such file or directory
[RCS]: /etc/init.d/S30ambrwfs
cp: can't stat '/root/*': No such file or directory
[    1.854901] ubi0: default fastmap pool size: 35
[    1.859544] ubi0: default fastmap WL pool size: 17
[    1.864353] ubi0: attaching mtd12
[    1.910803] random: fast init done
[    2.138055] ubi0: scanning is finished
[    2.152343] ubi0: attached mtd12 (name "program", size 94 MiB)
[    2.158212] ubi0: PEB size: 131072 bytes (128 KiB), LEB size: 126976 bytes
[    2.165099] ubi0: min./max. I/O unit sizes: 2048/2048, sub-page size 2048
[    2.171900] ubi0: VID header offset: 2048 (aligned 2048), data offset: 4096
[    2.178878] ubi0: good PEBs: 751, bad PEBs: 1, corrupted PEBs: 0
[    2.184898] ubi0: user volume: 1, internal volumes: 1, max. volumes count: 128
[    2.192133] ubi0: max/mean erase counter: 2/0, WL threshold: 4096, image sequence number: 1390195764
[    2.201281] ubi0: available PEBs: 0, total reserved PEBs: 751, PEBs reserved for bad PEB handling: 15
[    2.210554] ubi0: background thread "ubi_bgt0d" started, PID 169
UBI device number 0, total 751 LEBs (95358976 bytes, 90.9 MiB), available 0 LEBs (0 bytes), LEB size 126976 bytes (124.0 KiB)
u[    2.227052] UBIFS (ubi0:0): background thread "ubifs_bgt0_0" started, PID 176
bi0_0 exist.
create Directory:/program
df: /dev/pts: No such file or directory
    mount -t ubifs ubi0:program /program 
[    2.257698] UBIFS (ubi0:0): recovery needed
[    2.361137] UBIFS (ubi0:0): recovery completed
[    2.365621] UBIFS (ubi0:0): UBIFS: mounted UBI device 0, volume 0, name "program"
[    2.373120] UBIFS (ubi0:0): LEB size: 126976 bytes (124 KiB), min./max. I/O unit sizes: 2048 bytes/2048 bytes
[    2.383050] UBIFS (ubi0:0): FS size: 91295744 bytes (87 MiB, 719 LEBs), journal size 9023488 bytes (8 MiB, 72 LEBs)
[    2.393498] UBIFS (ubi0:0): reserved for root: 0 bytes (0 KiB)
[    2.399344] UBIFS (ubi0:0): media format: w4/r0 (latest is w5/r0), UUID 5AA93821-CE3B-42DF-8B4C-323281550D45, small LPT model
[    2.425403] ubi1: default fastmap pool size: 8
[    2.429896] ubi1: default fastmap WL pool size: 4
[    2.434618] ubi1: attaching mtd7
[    2.460998] ubi1: scanning is finished
[    2.474705] ubi1: attached mtd7 (name "config", size 8 MiB)
[    2.480313] ubi1: PEB size: 131072 bytes (128 KiB), LEB size: 126976 bytes
[    2.487209] ubi1: min./max. I/O unit sizes: 2048/2048, sub-page size 2048
[    2.494009] ubi1: VID header offset: 2048 (aligned 2048), data offset: 4096
[    2.500983] ubi1: good PEBs: 64, bad PEBs: 0, corrupted PEBs: 0
[    2.506913] ubi1: user volume: 1, internal volumes: 1, max. volumes count: 128
[    2.514152] ubi1: max/mean erase counter: 8/4, WL threshold: 4096, image sequence number: 3376025183
[    2.523299] ubi1: available PEBs: 0, total reserved PEBs: 64, PEBs reserved for bad PEB handling: 4
[    2.532373] ubi1: background thread "ubi_bgt1d" started, PID 186
UBI device number 1, total 64 LEBs (8126464 bytes, 7.7 MiB), available 0 LEBs (0 bytes), LEB size 126976 bytes (124.0 KiB)
ubi1[    2.548910] UBIFS (ubi1:0): background thread "ubifs_bgt1_0" started, PID 193
_0 exist.
create Directory:/config
df: /dev/pts: No such file or directory
    mount -t ubifs ubi1:config /config 
[    2.579653] UBIFS (ubi1:0): recovery needed
[    2.652313] UBIFS (ubi1:0): recovery completed
[    2.656810] UBIFS (ubi1:0): UBIFS: mounted UBI device 1, volume 0, name "config"
[    2.664238] UBIFS (ubi1:0): LEB size: 126976 bytes (124 KiB), min./max. I/O unit sizes: 2048 bytes/2048 bytes
[    2.674169] UBIFS (ubi1:0): FS size: 5586944 bytes (5 MiB, 44 LEBs), journal size 1015809 bytes (0 MiB, 6 LEBs)
[    2.684270] UBIFS (ubi1:0): reserved for root: 263884 bytes (257 KiB)
[    2.690724] UBIFS (ubi1:0): media format: w5/r0 (latest is w5/r0), UUID 6D0233DC-6B50-42EA-8560-1142E2371A7A, small LPT model
[    2.714969] ubi2: default fastmap pool size: 8
[    2.719466] ubi2: default fastmap WL pool size: 4
[    2.724236] ubi2: attaching mtd9
[    2.745277] ubi2: scanning is finished
[    2.759110] ubi2: attached mtd9 (name "cfgbak", size 6 MiB)
[    2.764720] ubi2: PEB size: 131072 bytes (128 KiB), LEB size: 126976 bytes
[    2.771612] ubi2: min./max. I/O unit sizes: 2048/2048, sub-page size 2048
[    2.778417] ubi2: VID header offset: 2048 (aligned 2048), data offset: 4096
[    2.785391] ubi2: good PEBs: 48, bad PEBs: 0, corrupted PEBs: 0
[    2.791322] ubi2: user volume: 1, internal volumes: 1, max. volumes count: 128
[    2.798561] ubi2: max/mean erase counter: 8/4, WL threshold: 4096, image sequence number: 1034400906
[    2.807708] ubi2: available PEBs: 0, total reserved PEBs: 48, PEBs reserved for bad PEB handling: 4
[    2.816779] ubi2: background thread "ubi_bgt2d" started, PID 203
UBI device number 2, total 48 LEBs (6094848 bytes, 5.8 MiB), available 0 LEBs (0 bytes), LEB size 126976 bytes (124.0 KiB)
ubi2[    2.833320] UBIFS (ubi2:0): background thread "ubifs_bgt2_0" started, PID 210
_0 exist.
create Directory:/cfgbak
df: /dev/pts: No such file or directory
    mount -t ubifs ubi2:cfgbak /cfgbak 
[    2.864067] UBIFS (ubi2:0): recovery needed
[    2.937875] UBIFS (ubi2:0): recovery completed
[    2.942381] UBIFS (ubi2:0): UBIFS: mounted UBI device 2, volume 0, name "cfgbak"
[    2.949805] UBIFS (ubi2:0): LEB size: 126976 bytes (124 KiB), min./max. I/O unit sizes: 2048 bytes/2048 bytes
[    2.959736] UBIFS (ubi2:0): FS size: 3555328 bytes (3 MiB, 28 LEBs), journal size 1015809 bytes (0 MiB, 6 LEBs)
[    2.969836] UBIFS (ubi2:0): reserved for root: 167926 bytes (163 KiB)
[    2.976290] UBIFS (ubi2:0): media format: w5/r0 (latest is w5/r0), UUID 53E3460B-080A-4FEE-AEE2-4B0AFEB51CC3, small LPT model
[    3.000160] ubi3: default fastmap pool size: 8
[    3.004658] ubi3: default fastmap WL pool size: 4
[    3.009423] ubi3: attaching mtd5
[    3.030441] ubi3: scanning is finished
[    3.044246] ubi3: attached mtd5 (name "calibration", size 6 MiB)
[    3.050290] ubi3: PEB size: 131072 bytes (128 KiB), LEB size: 126976 bytes
[    3.057187] ubi3: min./max. I/O unit sizes: 2048/2048, sub-page size 2048
[    3.063988] ubi3: VID header offset: 2048 (aligned 2048), data offset: 4096
[    3.070961] ubi3: good PEBs: 48, bad PEBs: 0, corrupted PEBs: 0
[    3.076892] ubi3: user volume: 1, internal volumes: 1, max. volumes count: 128
[    3.084129] ubi3: max/mean erase counter: 3/1, WL threshold: 4096, image sequence number: 3091558067
[    3.093275] ubi3: available PEBs: 0, total reserved PEBs: 48, PEBs reserved for bad PEB handling: 4
[    3.102351] ubi3: background thread "ubi_bgt3d" started, PID 220
UBI device number 3, total 48 LEBs (6094848 bytes, 5.8 MiB), available 0 LEBs (0 bytes), LEB size 126976 bytes (124.0 KiB)
ubi3[    3.116573] UBIFS (ubi3:0): background thread "ubifs_bgt3_0" started, PID 226
_0 exist.
    /calibration exists
df: /dev/pts: No such file or directory
    mount -t ubifs ubi3:calibration /calibration 
[    3.184263] UBIFS (ubi3:0): UBIFS: mounted UBI device 3, volume 0, name "calibration"
[    3.192125] UBIFS (ubi3:0): LEB size: 126976 bytes (124 KiB), min./max. I/O unit sizes: 2048 bytes/2048 bytes
[    3.202056] UBIFS (ubi3:0): FS size: 3555328 bytes (3 MiB, 28 LEBs), journal size 1015809 bytes (0 MiB, 6 LEBs)
[    3.212160] UBIFS (ubi3:0): reserved for root: 167926 bytes (163 KiB)
[    3.218615] UBIFS (ubi3:0): media format: w5/r0 (latest is w5/r0), UUID BF7BD558-BC9A-4D8D-B2C4-EE4F6925CECD, small LPT model
[    3.254300] UBIFS (ubi0:0): background thread "ubifs_bgt0_0" stops
[    6.217181] random: crng init done
[RCS]: /etc/init.d/S80network
[    6.240293] NetUserDrv: loading out-of-tree module taints kernel.
[    6.247119] NET_USR module init ok!
[    6.259115] NET_DBG module init ok!
      IP: 192.168.0.13
   BOOTP: 
 GATEWAY: 192.168.0.1
 NETMASK: 255.255.255.0
HO[    6.268900] stmmaceth 104c0000.ethernet: axera_reset_phy
STNAME: 
  NETDEV: eth0
AUTOCONF: 
[    6.279088] stmmaceth 104c0000.ethernet: ephy bgs=0x1, trim=0x7, ephy0_reg=0x410021d1
[    6.392151] ax_ephy_config_init
[    6.527156] AX620E Fast Ethernet stmmac-0:01: attached PHY driver [AX620E Fast Ethernet] (mii_bus:phy_addr=stmmac-0:01, irq=POLL)
[    6.549618] stmmaceth 104c0000.ethernet eth0: No Safety Features support found
[    6.556863] stmmaceth 104c0000.ethernet eth0: IEEE 1588-2008 Advanced Timestamp supported
[    6.565222] stmmaceth 104c0000.ethernet eth0: registered PTP clock
[    6.571853] IPv6: ADDRCONF(NETDEV_UP): eth0: link is not ready
passwd has changed
run auto_load_all_drv.sh start 
[    6.774739] npu 3800000.ax_npu: _opp_is_duplicate: duplicate OPPs detected. Existing: freq: 594000000, volt: 0, enabled: 1. New: freq: 594000000, volt: 0, enabled: 1
[    6.823526] unsupport register display0
[    6.828355] unsupport register display1
run auto_load_all_drv.sh end 
run npu_set_bw_limiter.sh start 
already register bw limit for NPU
this chip type is AX620Q_CHIP
run npu_set_bw_limiter.sh end 

root login: the same spl, don't need update
[    7.680719] manuparse_inf[Manuparse_Init                : 293 ]ProductName[IPC3624LE-ADF28K-WP]
[    7.689471] manuparse_inf[Manuparse_Init                : 294 ]BuildInfo[ENC-0302C5TP;SEN-0302C4XQ;LENS-4801C0G2]
[    7.699834] manuparse_inf[Manuparse_Init                : 295 ]SerialNum[210235UEDW3247000191]
[    7.708467] manuparse_inf[Manuparse_AnalysisSensorType  : 96  ]Sensor[0] type[589841] name[sc450ai]
[    7.717539] manuparse_inf[Manuparse_AnalysisSpecialImageInv: 178 ]SpecialImgInverse[0]
[    7.725469] manuparse_war[Manuparse_AnalysisLightInfo   : 152 ]Product type[1] no Light info
[    7.733944] manuparse_inf[Manuparse_AnalysisFormCap     : 105 ]Manuparse form type [0]
[    7.741875] manuparse_war[Manuparse_AnalysisLensInfo    : 89  ]Lens[0] build[4801C0G2] not match default OTHER_LENS
[    7.752333] manuparse_inf[Manuparse_AnalysisIrCutType   : 235 ]Manuparse IrCut type[0]
[    7.760258] manuparse_inf[Manuparse_AnalysisIrCutMotorType: 297 ]Manuparse IrCut Motor type[0]
[    7.768888] manuparse_inf[Manuparse_LensType_Trans      : 360 ]Manuparse pcLensFlag: []
[    7.776908] manuparse_inf[Manuparse_AnalysisFisheyeType : 301 ]Manuparse:IPC3624LE-ADF28K-WP FisheyeType[FALSE]
[    7.787017] manuparse_inf[Manuparse_AnalysisAlarmCnt    : 635 ]Manuparse AlmInNum[2] AlmOutNum [1]
[    7.795987] manuparse_inf[Manuparse_AnalysisHalfType    : 140 ]SerialNumber[210235UEDW3247000191]: IsHalfType[0]
[    7.806180] manuparse_inf[Manuparse_AnalysisResButtLimi : 437 ]Manuparse:IPC3624LE-ADF28K-WP Reset button limit is TRUE
[    7.816973] manuparse_inf[Manuparse_AnalysisSpkPowerType: 695 ]ENC speaker power type:[1]
[    7.825174] manuparse_inf[Manuparse_AnalysisCloseSpkInFreeCap: 211 ]CloseSpkInFree[0]
[    7.833014] manuparse_inf[Manuparse_AnalysisPOEatType   : 751 ]POEATType:[0]
[    7.840078] manuparse_inf[Manuparse_AnalysisRunLedSite  : 808 ]Manuparse:IPC3624LE-ADF28K-WP Run Led on DSP
[    7.849833] manuparse_inf[Manuparse_AnalysisAlarmLedSite: 865 ]Manuparse:IPC3624LE-ADF28K-WP Alarm Led on DSP
[    7.859765] manuparse_inf[Manuparse_AnalysisPtMcuImageInfo: 490 ]Manuparse PtMcuImageInfo:no_pt_mcu_image
cat: can't open '/proc/nandid': No such file or directory
[    7.918729] gpio_inf[product_fixdome_init: 653 ]kgpio for fixdome 
[    7.924993] gpio_inf[prior_init          : 825 ]Product type is FIXDOME
[    7.937258] 
[    7.937258] Encryption Board Reset
[    7.942168] gpio_inf[SetAllLedGpio       : 485 ]no [gstGreenRunLedGpio] led pin
[    7.949491] gpio_inf[SetAllLedGpio       : 486 ]no [gstRedRunLedGpio] led pin
[    7.956636] gpio_inf[SetAllLedGpio       : 487 ]no [gstBlueRunLedGpio] led pin
[    7.963876] gpio_inf[LightCtrlInit       : 417 ]Light channl 1 ctrled invalued, no need to init
[    7.964034] dwc3 8000000.dwc3: dwc3_drd_notifier, mode is host
[    7.967233] gpio_inf[Pwm_Init            : 192 ]Pwm_Init[4] Ok
[    7.973092] dwc3 8000000.dwc3: axera usb host init
[    7.981361] gpio_inf[Pwm_Init            : 192 ]Pwm_Init[5] Ok
[    7.992051] dwc3 8000000.dwc3: usb2.0-only mode
[    7.995219] gpio_inf[Pwm_SetDuty         : 235 ]set pwm chl[4] duty[129]
[    7.999980] xhci-hcd xhci-hcd.1.auto: xHCI Host Controller
[    8.006513] gpio_err[RunLightInit        : 547 ]Red run led init Fail
[    8.014639] xhci-hcd xhci-hcd.1.auto: new USB bus registered, assigned bus number 1
[    8.027340] xhci-hcd xhci-hcd.1.auto: hcc params 0x0220fe65 hci version 0x110 quirks 0x0000000000010010
[    8.036976] xhci-hcd xhci-hcd.1.auto: irq 67, io mem 0x08000000
[    8.043140] usb usb1: New USB device found, idVendor=1d6b, idProduct=0002, bcdDevice= 4.19
reset motor position axes, zoompos=[] focuspos=[] status=[]
[    8.051487] usb usb1: New USB device strings: Mfr=3, Product=2, SerialNumber=1
[    8.064067] usb usb1: Product: xHCI Host Controller
[    8.068998] usb usb1: Manufacturer: Linux 4.19.125 xhci-hcd
[    8.074648] usb usb1: SerialNumber: xhci-hcd.1.auto
[    8.080312] hub 1-0:1.0: USB hub found
[    8.084329] hub 1-0:1.0: 1 port detected
[    8.088876] xhci-hcd xhci-hcd.1.auto: xHCI Host Controller
[    8.094503] xhci-hcd xhci-hcd.1.auto: new USB bus registered, assigned bus number 2
[    8.102267] xhci-hcd xhci-hcd.1.auto: Host supports USB 3.0 SuperSpeed
[    8.108893] usb usb2: We don't know the algorithms for LPM for this host, disabling LPM.
[    8.117169] usb usb2: New USB device found, idVendor=1d6b, idProduct=0003, bcdDevice= 4.19
[    8.125458] usb usb2: New USB device strings: Mfr=3, Product=2, SerialNumber=1
[    8.132734] usb usb2: Product: xHCI Host Controller
[    8.137645] usb usb2: Manufacturer: Linux 4.19.125 xhci-hcd
[    8.143258] usb usb2: SerialNumber: xhci-hcd.1.auto
[    8.148908] hub 2-0:1.0: USB hub found
[    8.152823] hub 2-0:1.0: config failed, hub doesn't have any ports! (err -19)
[    8.178443] motor_err[0234 @ Hw_Timer_Init]:	
[    8.178447] Timer id invalid:1
[    8.183765] 
[    8.188472] motor_info[0321 @ WorkQueue_Init]:	
[    8.188474] Work Queue init
[    8.193074] 
[    8.197406] motor_info[1558 @ motor_init]:	
[    8.197407] motor finish init
[    8.197414] motor_info[0094 @ LensPortMode_Init]:	
[    8.201594] 
[    8.204578] Init LensPortMode:2
[    8.204580] 
[    8.204585] motor_info[0827 @ Ircut_IPC_Init]:	
[    8.204587] ircut init ch[0] type[0]
[    8.204589] 
[    8.204600] motor_info[0476 @ DC_Ircut_Init]:	
[    8.204602] dc[ch0] ircut init ok
[    8.204604] 
[    8.204608] i2c_get_adapter fail!
[    8.204610] driver init fail
[    8.204612] i2c init fail
[    8.204614] motor_info[0500 @ motor_init_thread]:	
[    8.204616] motor thread init ok
[    8.204618] 
[    8.272696] RunTm_inf[runtime_set_startup_date      : 814 ]start system at: year=1970 month=1 date=1 hour=8 minute=0 second=0
[    8.298731] RunTm_err[runtime_set_current_date_lastrtinfo: 893 ]iTmp=0, size=212
[    8.306232] RunTm_war[runtime_init                  : 1434]wait for runtime_thread_process thread 
[    8.315263] RunTm_war[runtime_init                  : 1452]wait for runtime_thread_process thread 
[    8.324234] RunTm_inf[runtime_init                  : 1455]End of runtime!
insmod: can't insert '/lib/modules/4.19.125/extra/SC450AI_MIPI.ko': No such file or directory
net.core.wmem_max = 655360
net.core.wmem_default = 655360
cp: can't stat '/data/*': No such file or directory
mount: mounting /tmp/.data/ on /data failed: No such file or directory
vm.overcommit_memory = 0
vm.overcommit_ratio = 50
vm.min_free_kbytes = 598
vm.dirty_background_ratio = 2
vm.dirty_expire_centisecs = 500
vm.dirty_ratio = 2
vm.dirty_writeback_centisecs = 100
vm.admin_reserve_kbytes = 0
vm.user_reserve_kbytes = 0
[    8.385418] drop_caches.sh (648): drop_caches: 4
chmod: /tmp/bin/update: Read-only file system
cp: can't stat '/usr/sbin/nandwrite_move': No such file or directory
chmod: /tmp/bin/nandwrite: No such file or directory
ln: /www/www: Read-only file system
ln: /program/www/ActiveX/Setup64.exe: Read-only file system
cp: can't stat '/program/bin/ca.cer': No such file or directory
Open file fail
rm: can't remove 'logo.png': Read-only file system
ln: logo.png: File exists
/program/www/skin/default_1/images
Interversion is :GIPCV600R002B15D001SP68D2308NB

DeviceName is SC-3243-IWPS-F28; PrototypeName is IPC3624LE-ADF28K-WP; ManufacturingDate is 2024-07-25. 
Interversion is :GIPCV600R002B15D001SP68D2308NB

szTmpManufacturingDate error:
do: ls /program/factory/default_cfg_IPC2314LE.xml 
/program/factory/default_cfg_IPC2314LE.xml
do: cp /program/factory/device_cap_IPC2314LE.xml /config/device_cap.xml 
do: cp /program/factory/default_cfg_IPC2314LE.xml /config/default_cfg.xml 
do: cp /program/factory/preset_scene_IPC2XXX.xml /config/preset_scene.xml 
do: cp -rf /program/factory/ipu_lfw.bin /config/dla/ 
cp: can't stat '/program/factory/ipu_lfw.bin': No such file or directory
MW_XML_LoadFile:Open file fail! /calibration/customize/customized.xml
Load XML File failed!
Customize Time Zone Fail
CustomerCode val is 02 
ln: /www/skin/default_1/images/logo.png: File exists
DeviceName is SC-3243-IWPS-F28. CustomCode is 02
ShowLangList is [1,0,17,4,8,3,36,11,20,7,52,5,6]
chmod: /program/bin/kernelsendbuff.sh: Read-only file system
sed: no address after comma
sed: no address after comma
sed: no address after comma
CPU type is AX620Q_CHIP
CFG rowcnt[42]
CFG rowcnt[97]
CFG rowcnt[149]
CFG rowcnt[172]
CFG rowcnt[226]
CFG rowcnt[403]
CFG rowcnt[521]
CFG rowcnt[1402]
CFG rowcnt[1581]
CFG rowcnt[1623]
CFG rowcnt[1701]
CFG rowcnt[1732]
CFG rowcnt[1765]
CFG rowcnt[1772]
CFG rowcnt[1778]
CFG rowcnt[1781]
CFG rowcnt[1798]
CFG rowcnt[1819]
CFG rowcnt[1826]
CFG rowcnt[1852]
CFG rowcnt[1879]
CFG rowcnt[1884]
CFG rowcnt[1946]
CFG rowcnt[1956]
CFG rowcnt[1972]
CFG rowcnt[1980]
CFG rowcnt[1991]
CFG rowcnt[1998]
CFG rowcnt[2109]
CFG rowcnt[2217]
CFG rowcnt[2466]
CFG rowcnt[2507]
CFG rowcnt[2665]
CFG rowcnt[2713]
CFG rowcnt[2808]
CFG rowcnt[3077]
CFG rowcnt[3376]
CFG rowcnt[3475]

 MWARE System Initializing...

 Invalid system time, restore default! 
...Init Courese success...
Control Init Config Capability success, ProductType:10, DoubleChlDevType:0, VideoInNum:1
route: SIOCDELRT: No such process
sh: can't create /proc/vpe/vpe_debug: nonexistent directory
sh: can't create /proc/vpe/vpe_debug: nonexistent directory
The Node areadly exist!
ln: /www/device_cap.xml: File exists
chpasswd: password for 'root' changed
.....i2c_init: i2c device is /dev/i2c-0 
can not find match model, just use manual table model and param

MW_XML_LoadFile:Open file fail! /program/custom/config.xml
MW_XML_LoadFile:Open file fail! /config/ftp.xml
adding the following line to /var/net-snmp/snmpd.conf:
adding the following line to /etc/snmp.conf:
   rouser MD5
sdk init success
MW_XML_LoadFile:Open file fail! /program/custom/config.xml
..Done !
qÃx